"../../../Engine/Content/Animation/DefaultAnimBoneCompressionSettings.uasset" 0
"../../../Engine/Content/Animation/DefaultAnimBoneCompressionSettings.uexp" 1
"../../../Engine/Content/Animation/DefaultAnimCurveCompressionSettings.uasset" 2
"../../../Engine/Content/Animation/DefaultAnimCurveCompressionSettings.uexp" 3
"../../../Engine/Content/EngineMaterials/T_Default_Material_Grid_M.uasset" 4
"../../../Engine/Content/EngineMaterials/T_Default_Material_Grid_M.uexp" 5
"../../../Engine/Content/EngineMaterials/T_Default_Material_Grid_M.ubulk" 6
"../../../Engine/Content/Functions/Engine_MaterialFunctions01/Opacity/CameraDepthFade.uasset" 7
"../../../Engine/Content/Functions/Engine_MaterialFunctions01/Opacity/CameraDepthFade.uexp" 8
"../../../Engine/Content/EngineMaterials/T_Default_Material_Grid_N.uasset" 9
"../../../Engine/Content/EngineMaterials/T_Default_Material_Grid_N.uexp" 10
"../../../Engine/Content/EngineMaterials/T_Default_Material_Grid_N.ubulk" 11
"../../../Engine/Content/EngineMaterials/WorldGridMaterial.uasset" 12
"../../../Engine/Content/EngineMaterials/WorldGridMaterial.uexp" 13
"../../../Engine/Content/ArtTools/RenderToTexture/Meshes/S_1_Unit_Plane.uasset" 14
"../../../Engine/Content/ArtTools/RenderToTexture/Meshes/S_1_Unit_Plane.uexp" 15
"../../../Engine/Content/EngineMaterials/DefaultMaterial.uasset" 16
"../../../Engine/Content/EngineMaterials/DefaultMaterial.uexp" 17
"../../../Engine/Content/BasicShapes/Cone.uasset" 18
"../../../Engine/Content/BasicShapes/Cone.uexp" 19
"../../../Engine/Content/BasicShapes/Sphere.uasset" 20
"../../../Engine/Content/BasicShapes/Sphere.uexp" 21
"../../../Engine/Content/EditorLandscapeResources/DataLayer.uasset" 22
"../../../Engine/Content/EditorLandscapeResources/DataLayer.uexp" 23
"../../../Engine/Content/EditorLandscapeResources/DefaultAlphaTexture.uasset" 24
"../../../Engine/Content/EditorLandscapeResources/DefaultAlphaTexture.uexp" 25
"../../../Engine/Content/EditorMaterials/MAT_Groups_Toggle.uasset" 26
"../../../Engine/Content/EditorMaterials/MAT_Groups_Toggle.uexp" 27
"../../../Engine/Content/EditorMaterials/MAT_Groups_Visibility.uasset" 28
"../../../Engine/Content/EditorMaterials/MAT_Groups_Visibility.uexp" 29
"../../../Engine/Content/EditorMaterials/PreviewShadowIndicator.uasset" 30
"../../../Engine/Content/EditorMaterials/PreviewShadowIndicator.uexp" 31
"../../../Engine/Content/EditorMaterials/PreviewShadowIndicator.ubulk" 32
"../../../Engine/Content/EditorMaterials/PreviewShadowIndicatorMaterial.uasset" 33
"../../../Engine/Content/EditorMaterials/PreviewShadowIndicatorMaterial.uexp" 34
"../../../Engine/Content/EditorMaterials/MatineeGroups/MAT_ColorTrack.uasset" 35
"../../../Engine/Content/EditorMaterials/MatineeGroups/MAT_ColorTrack.uexp" 36
"../../../Engine/Content/EditorMaterials/MatineeGroups/MAT_Groups_Anim.uasset" 37
"../../../Engine/Content/EditorMaterials/MatineeGroups/MAT_Groups_Anim.uexp" 38
"../../../Engine/Content/EditorMaterials/MatineeGroups/MAT_Groups_AudioMaster.uasset" 39
"../../../Engine/Content/EditorMaterials/MatineeGroups/MAT_Groups_AudioMaster.uexp" 40
"../../../Engine/Content/EditorMaterials/MatineeGroups/MAT_Groups_Director.uasset" 41
"../../../Engine/Content/EditorMaterials/MatineeGroups/MAT_Groups_Director.uexp" 42
"../../../Engine/Content/EditorMaterials/MatineeGroups/MAT_Groups_Event.uasset" 43
"../../../Engine/Content/EditorMaterials/MatineeGroups/MAT_Groups_Event.uexp" 44
"../../../Engine/Content/EditorMaterials/MatineeGroups/MAT_Groups_Fade.uasset" 45
"../../../Engine/Content/EditorMaterials/MatineeGroups/MAT_Groups_Fade.uexp" 46
"../../../Engine/Content/EditorMaterials/MatineeGroups/MAT_Groups_Float.uasset" 47
"../../../Engine/Content/EditorMaterials/MatineeGroups/MAT_Groups_Float.uexp" 48
"../../../Engine/Content/EditorMaterials/MatineeGroups/MAT_Groups_Move.uasset" 49
"../../../Engine/Content/EditorMaterials/MatineeGroups/MAT_Groups_Move.uexp" 50
"../../../Engine/Content/EditorMaterials/MatineeGroups/MAT_Groups_Slomo.uasset" 51
"../../../Engine/Content/EditorMaterials/MatineeGroups/MAT_Groups_Slomo.uexp" 52
"../../../Engine/Content/EditorMaterials/MatineeGroups/MAT_Groups_Sound.uasset" 53
"../../../Engine/Content/EditorMaterials/MatineeGroups/MAT_Groups_Sound.uexp" 54
"../../../Engine/Content/EditorMaterials/MatineeGroups/MAT_Groups_Vector.uasset" 55
"../../../Engine/Content/EditorMaterials/MatineeGroups/MAT_Groups_Vector.uexp" 56
"../../../Engine/Content/EditorMaterials/ParticleSystems/PSysThumbnail_NoImage.uasset" 57
"../../../Engine/Content/EditorMaterials/ParticleSystems/PSysThumbnail_NoImage.uexp" 58
"../../../Engine/Content/EditorMaterials/ParticleSystems/PSysThumbnail_NoImage.ubulk" 59
"../../../Engine/Content/EditorMaterials/ParticleSystems/PSysThumbnail_OOD.uasset" 60
"../../../Engine/Content/EditorMaterials/ParticleSystems/PSysThumbnail_OOD.uexp" 61
"../../../Engine/Content/EditorMaterials/ParticleSystems/PSysThumbnail_OOD.ubulk" 62
"../../../Engine/Content/EditorMaterials/Camera/CineMat.uasset" 63
"../../../Engine/Content/EditorMaterials/Camera/CineMat.uexp" 64
"../../../Engine/Content/EditorMaterials/Camera/MI_CineMat_Rig.uasset" 65
"../../../Engine/Content/EditorMaterials/Camera/MI_CineMat_Rig.uexp" 66
"../../../Engine/Content/EditorMeshes/Camera/SM_CraneRig_Arm.uasset" 67
"../../../Engine/Content/EditorMeshes/Camera/SM_CraneRig_Arm.uexp" 68
"../../../Engine/Content/EditorMeshes/Camera/SM_CraneRig_Base.uasset" 69
"../../../Engine/Content/EditorMeshes/Camera/SM_CraneRig_Base.uexp" 70
"../../../Engine/Content/EditorMeshes/Camera/SM_CraneRig_Body.uasset" 71
"../../../Engine/Content/EditorMeshes/Camera/SM_CraneRig_Body.uexp" 72
"../../../Engine/Content/EditorMeshes/Camera/SM_CraneRig_Mount.uasset" 73
"../../../Engine/Content/EditorMeshes/Camera/SM_CraneRig_Mount.uexp" 74
"../../../Engine/Content/EditorMeshes/Camera/SM_RailRig_Mount.uasset" 75
"../../../Engine/Content/EditorMeshes/Camera/SM_RailRig_Mount.uexp" 76
"../../../Engine/Content/EditorMeshes/Camera/SM_RailRig_Track.uasset" 77
"../../../Engine/Content/EditorMeshes/Camera/SM_RailRig_Track.uexp" 78
"../../../Engine/Content/EditorResources/BSPVertex.uasset" 79
"../../../Engine/Content/EditorResources/BSPVertex.uexp" 80
"../../../Engine/Content/EditorResources/EmptyActor.uasset" 81
"../../../Engine/Content/EditorResources/EmptyActor.uexp" 82
"../../../Engine/Content/EditorResources/S_Actor.uasset" 83
"../../../Engine/Content/EditorResources/S_Actor.uexp" 84
"../../../Engine/Content/EditorResources/S_Actor.ubulk" 85
"../../../Engine/Content/EditorResources/S_Note.uasset" 86
"../../../Engine/Content/EditorResources/S_Note.uexp" 87
"../../../Engine/Content/EditorResources/S_Note.ubulk" 88
"../../../Engine/Content/EditorResources/S_Solver.uasset" 89
"../../../Engine/Content/EditorResources/S_Solver.uexp" 90
"../../../Engine/Content/EditorResources/S_Solver.ubulk" 91
"../../../Engine/Content/EditorResources/S_Terrain.uasset" 92
"../../../Engine/Content/EditorResources/S_Terrain.uexp" 93
"../../../Engine/Content/EditorResources/S_Terrain.ubulk" 94
"../../../Engine/Content/EditorResources/S_Trigger.uasset" 95
"../../../Engine/Content/EditorResources/S_Trigger.uexp" 96
"../../../Engine/Content/EditorResources/S_Trigger.ubulk" 97
"../../../Engine/Content/EditorResources/LightIcons/S_LightError.uasset" 98
"../../../Engine/Content/EditorResources/LightIcons/S_LightError.uexp" 99
"../../../Engine/Content/EditorResources/SequenceRecorder/Countdown.uasset" 100
"../../../Engine/Content/EditorResources/SequenceRecorder/Countdown.uexp" 101
"../../../Engine/Content/EditorResources/SequenceRecorder/RecordingIndicator.uasset" 102
"../../../Engine/Content/EditorResources/SequenceRecorder/RecordingIndicator.uexp" 103
"../../../Engine/Content/EngineDamageTypes/DmgTypeBP_Environmental.uasset" 104
"../../../Engine/Content/EngineDamageTypes/DmgTypeBP_Environmental.uexp" 105
"../../../Engine/Content/EngineDebugMaterials/DebugEditorMaterial.uasset" 106
"../../../Engine/Content/EngineDebugMaterials/DebugEditorMaterial.uexp" 107
"../../../Engine/Content/EngineDebugMaterials/DebugMeshMaterial.uasset" 108
"../../../Engine/Content/EngineDebugMaterials/DebugMeshMaterial.uexp" 109
"../../../Engine/Content/EngineDebugMaterials/M_SimpleUnlitTranslucent.uasset" 110
"../../../Engine/Content/EngineDebugMaterials/M_SimpleUnlitTranslucent.uexp" 111
"../../../Engine/Content/EngineDebugMaterials/VolumeToRender.uasset" 112
"../../../Engine/Content/EngineDebugMaterials/VolumeToRender.uexp" 113
"../../../Engine/Content/Functions/Engine_MaterialFunctions02/Utility/CameraDirectionVector.uasset" 114
"../../../Engine/Content/Functions/Engine_MaterialFunctions02/Utility/CameraDirectionVector.uexp" 115
"../../../Engine/Content/EngineDebugMaterials/M_VolumeRenderSphereTracePP.uasset" 116
"../../../Engine/Content/EngineDebugMaterials/M_VolumeRenderSphereTracePP.uexp" 117
"../../../Engine/Content/Functions/Engine_MaterialFunctions01/Shading/ConvertFromDiffSpec.uasset" 118
"../../../Engine/Content/Functions/Engine_MaterialFunctions01/Shading/ConvertFromDiffSpec.uexp" 119
"../../../Engine/Content/EngineDebugMaterials/VertexColorMaterial.uasset" 120
"../../../Engine/Content/EngineDebugMaterials/VertexColorMaterial.uexp" 121
"../../../Engine/Content/EngineDebugMaterials/WireframeMaterial.uasset" 122
"../../../Engine/Content/EngineDebugMaterials/WireframeMaterial.uexp" 123
"../../../Engine/Content/EngineFonts/Faces/RobotoRegular.uasset" 124
"../../../Engine/Content/EngineFonts/Faces/RobotoRegular.uexp" 125
"../../../Engine/Content/EngineFonts/Faces/RobotoRegular.ufont" 126
"../../../Engine/Content/EngineFonts/Faces/RobotoLight.uasset" 127
"../../../Engine/Content/EngineFonts/Faces/RobotoLight.uexp" 128
"../../../Engine/Content/EngineFonts/Faces/RobotoLight.ufont" 129
"../../../Engine/Content/EngineFonts/Faces/RobotoItalic.uasset" 130
"../../../Engine/Content/EngineFonts/Faces/RobotoItalic.uexp" 131
"../../../Engine/Content/EngineFonts/Faces/RobotoItalic.ufont" 132
"../../../Engine/Content/EngineFonts/Faces/RobotoBoldItalic.uasset" 133
"../../../Engine/Content/EngineFonts/Faces/RobotoBoldItalic.uexp" 134
"../../../Engine/Content/EngineFonts/Faces/RobotoBoldItalic.ufont" 135
"../../../Engine/Content/EngineFonts/Faces/RobotoBold.uasset" 136
"../../../Engine/Content/EngineFonts/Faces/RobotoBold.uexp" 137
"../../../Engine/Content/EngineFonts/Faces/RobotoBold.ufont" 138
"../../../Engine/Content/EngineFonts/Faces/DroidSansFallback.uasset" 139
"../../../Engine/Content/EngineFonts/Faces/DroidSansFallback.uexp" 140
"../../../Engine/Content/EngineFonts/Faces/DroidSansFallback.ufont" 141
"../../../Engine/Content/EngineFonts/Roboto.uasset" 142
"../../../Engine/Content/EngineFonts/Roboto.uexp" 143
"../../../Engine/Content/EngineMaterials/BaseFlattenNormalMap.uasset" 144
"../../../Engine/Content/EngineMaterials/BaseFlattenNormalMap.uexp" 145
"../../../Engine/Content/EngineMaterials/BaseFlattenGrayscaleMap.uasset" 146
"../../../Engine/Content/EngineMaterials/BaseFlattenGrayscaleMap.uexp" 147
"../../../Engine/Content/EngineMaterials/BaseFlattenEmissiveMap.uasset" 148
"../../../Engine/Content/EngineMaterials/BaseFlattenEmissiveMap.uexp" 149
"../../../Engine/Content/EngineMaterials/BaseFlattenDiffuseMap.uasset" 150
"../../../Engine/Content/EngineMaterials/BaseFlattenDiffuseMap.uexp" 151
"../../../Engine/Content/EngineMaterials/BaseFlattenMaterial.uasset" 152
"../../../Engine/Content/EngineMaterials/BaseFlattenMaterial.uexp" 153
"../../../Engine/Content/EngineMaterials/BlueNoise.uasset" 154
"../../../Engine/Content/EngineMaterials/BlueNoise.uexp" 155
"../../../Engine/Content/EngineMaterials/DefaultBloomKernel.uasset" 156
"../../../Engine/Content/EngineMaterials/DefaultBloomKernel.uexp" 157
"../../../Engine/Content/EngineMaterials/DefaultBokeh.uasset" 158
"../../../Engine/Content/EngineMaterials/DefaultBokeh.uexp" 159
"../../../Engine/Content/EngineMaterials/DefaultDiffuse.uasset" 160
"../../../Engine/Content/EngineMaterials/DefaultDiffuse.uexp" 161
"../../../Engine/Content/EngineMaterials/DefaultDiffuse.ubulk" 162
"../../../Engine/Content/EngineMaterials/DefaultDeferredDecalMaterial.uasset" 163
"../../../Engine/Content/EngineMaterials/DefaultDeferredDecalMaterial.uexp" 164
"../../../Engine/Content/EngineMaterials/DefaultLightFunctionMaterial.uasset" 165
"../../../Engine/Content/EngineMaterials/DefaultLightFunctionMaterial.uexp" 166
"../../../Engine/Content/EngineMaterials/DefaultPhysicalMaterial.uasset" 167
"../../../Engine/Content/EngineMaterials/DefaultPhysicalMaterial.uexp" 168
"../../../Engine/Content/Functions/Engine_MaterialFunctions02/Utility/BreakOutFloat2Components.uasset" 169
"../../../Engine/Content/Functions/Engine_MaterialFunctions02/Utility/BreakOutFloat2Components.uexp" 170
"../../../Engine/Content/EngineMaterials/DefaultPostProcessMaterial.uasset" 171
"../../../Engine/Content/EngineMaterials/DefaultPostProcessMaterial.uexp" 172
"../../../Engine/Content/EngineFonts/RobotoDistanceField.uasset" 173
"../../../Engine/Content/EngineFonts/RobotoDistanceField.uexp" 174
"../../../Engine/Content/EngineMaterials/DefaultTextMaterialOpaque.uasset" 175
"../../../Engine/Content/EngineMaterials/DefaultTextMaterialOpaque.uexp" 176
"../../../Engine/Content/EngineMaterials/DefaultWhiteGrid.uasset" 177
"../../../Engine/Content/EngineMaterials/DefaultWhiteGrid.uexp" 178
"../../../Engine/Content/EngineMaterials/DefaultWhiteGrid.ubulk" 179
"../../../Engine/Content/EngineMaterials/DefaultWhiteGrid_Low.uasset" 180
"../../../Engine/Content/EngineMaterials/DefaultWhiteGrid_Low.uexp" 181
"../../../Engine/Content/EngineMaterials/EmissiveMeshMaterial.uasset" 182
"../../../Engine/Content/EngineMaterials/EmissiveMeshMaterial.uexp" 183
"../../../Engine/Content/EngineMaterials/GizmoMaterial.uasset" 184
"../../../Engine/Content/EngineMaterials/GizmoMaterial.uexp" 185
"../../../Engine/Content/EngineMaterials/Good64x64TilingNoiseHighFreq.uasset" 186
"../../../Engine/Content/EngineMaterials/Good64x64TilingNoiseHighFreq.uexp" 187
"../../../Engine/Content/EngineMaterials/MiniFont.uasset" 188
"../../../Engine/Content/EngineMaterials/MiniFont.uexp" 189
"../../../Engine/Content/EngineMaterials/InvalidLightmapSettings.uasset" 190
"../../../Engine/Content/EngineMaterials/InvalidLightmapSettings.uexp" 191
"../../../Engine/Content/EngineMaterials/InvalidLightmapSettings.ubulk" 192
"../../../Engine/Content/EngineMaterials/M_InvalidLightmapSettings.uasset" 193
"../../../Engine/Content/EngineMaterials/M_InvalidLightmapSettings.uexp" 194
"../../../Engine/Content/Functions/Engine_MaterialFunctions02/WorldPositionOffset/CameraOffset.uasset" 195
"../../../Engine/Content/Functions/Engine_MaterialFunctions02/WorldPositionOffset/CameraOffset.uexp" 196
"../../../Engine/Content/EngineMaterials/PhAT_JointLimitMaterial.uasset" 197
"../../../Engine/Content/EngineMaterials/PhAT_JointLimitMaterial.uexp" 198
"../../../Engine/Content/EngineMaterials/DefaultCalibrationColor.uasset" 199
"../../../Engine/Content/EngineMaterials/DefaultCalibrationColor.uexp" 200
"../../../Engine/Content/EngineMaterials/PPM_DefaultCalibrationColor.uasset" 201
"../../../Engine/Content/EngineMaterials/PPM_DefaultCalibrationColor.uexp" 202
"../../../Engine/Content/EngineMaterials/DefaultCalibrationGrayscale.uasset" 203
"../../../Engine/Content/EngineMaterials/DefaultCalibrationGrayscale.uexp" 204
"../../../Engine/Content/EngineMaterials/PPM_DefaultCalibrationGrayscale.uasset" 205
"../../../Engine/Content/EngineMaterials/PPM_DefaultCalibrationGrayscale.uexp" 206
"../../../Engine/Content/EngineMaterials/PreintegratedSkinBRDF.uasset" 207
"../../../Engine/Content/EngineMaterials/PreintegratedSkinBRDF.uexp" 208
"../../../Engine/Content/EngineMaterials/RemoveSurfaceMaterial.uasset" 209
"../../../Engine/Content/EngineMaterials/RemoveSurfaceMaterial.uexp" 210
"../../../Engine/Content/EngineMaterials/WeightMapPlaceholderTexture.uasset" 211
"../../../Engine/Content/EngineMaterials/WeightMapPlaceholderTexture.uexp" 212
"../../../Engine/Content/EngineResources/WhiteSquareTexture.uasset" 213
"../../../Engine/Content/EngineResources/WhiteSquareTexture.uexp" 214
"../../../Engine/Content/EngineMaterials/Widget3DPassThrough.uasset" 215
"../../../Engine/Content/EngineMaterials/Widget3DPassThrough.uexp" 216
"../../../Engine/Content/EngineMaterials/Widget3DPassThrough_Masked.uasset" 217
"../../../Engine/Content/EngineMaterials/Widget3DPassThrough_Masked.uexp" 218
"../../../Engine/Content/EngineMaterials/Widget3DPassThrough_Opaque.uasset" 219
"../../../Engine/Content/EngineMaterials/Widget3DPassThrough_Opaque.uexp" 220
"../../../Engine/Content/EngineMaterials/Widget3DPassThrough_Masked_OneSided.uasset" 221
"../../../Engine/Content/EngineMaterials/Widget3DPassThrough_Masked_OneSided.uexp" 222
"../../../Engine/Content/EngineMaterials/Widget3DPassThrough_Opaque_OneSided.uasset" 223
"../../../Engine/Content/EngineMaterials/Widget3DPassThrough_Opaque_OneSided.uexp" 224
"../../../Engine/Content/EngineMaterials/Widget3DPassThrough_Translucent.uasset" 225
"../../../Engine/Content/EngineMaterials/Widget3DPassThrough_Translucent.uexp" 226
"../../../Engine/Content/EngineMaterials/Widget3DPassThrough_Translucent_OneSided.uasset" 227
"../../../Engine/Content/EngineMaterials/Widget3DPassThrough_Translucent_OneSided.uexp" 228
"../../../Engine/Content/EngineMeshes/Cylinder.uasset" 229
"../../../Engine/Content/EngineMeshes/Cylinder.uexp" 230
"../../../Engine/Content/EngineMeshes/Sphere.uasset" 231
"../../../Engine/Content/EngineMeshes/Sphere.uexp" 232
"../../../Engine/Content/EngineResources/DefaultTexture.uasset" 233
"../../../Engine/Content/EngineResources/DefaultTexture.uexp" 234
"../../../Engine/Content/EngineResources/DefaultTexture.ubulk" 235
"../../../Engine/Content/EngineResources/DefaultTextureCube.uasset" 236
"../../../Engine/Content/EngineResources/DefaultTextureCube.uexp" 237
"../../../Engine/Content/EngineResources/DefaultVolumeTexture2D.uasset" 238
"../../../Engine/Content/EngineResources/DefaultVolumeTexture2D.uexp" 239
"../../../Engine/Content/EngineResources/DefaultVolumeTexture.uasset" 240
"../../../Engine/Content/EngineResources/DefaultVolumeTexture.uexp" 241
"../../../Engine/Content/EngineResources/GradientTexture0.uasset" 242
"../../../Engine/Content/EngineResources/GradientTexture0.uexp" 243
"../../../Engine/Content/EngineSky/VolumetricClouds/T_NoiseShape64.uasset" 244
"../../../Engine/Content/EngineSky/VolumetricClouds/T_NoiseShape64.uexp" 245
"../../../Engine/Content/EngineSky/VolumetricClouds/T_NoiseShape64.ubulk" 246
"../../../Engine/Content/EngineSky/VolumetricClouds/T_VolumeNoiseShape64.uasset" 247
"../../../Engine/Content/EngineSky/VolumetricClouds/T_VolumeNoiseShape64.uexp" 248
"../../../Engine/Content/EngineSky/VolumetricClouds/T_NoiseErosion.uasset" 249
"../../../Engine/Content/EngineSky/VolumetricClouds/T_NoiseErosion.uexp" 250
"../../../Engine/Content/EngineSky/VolumetricClouds/T_NoiseErosion.ubulk" 251
"../../../Engine/Content/EngineSky/VolumetricClouds/T_VolumeNoiseErosion32.uasset" 252
"../../../Engine/Content/EngineSky/VolumetricClouds/T_VolumeNoiseErosion32.uexp" 253
"../../../Engine/Content/EngineSky/VolumetricClouds/CloudWeatherTexture.uasset" 254
"../../../Engine/Content/EngineSky/VolumetricClouds/CloudWeatherTexture.uexp" 255
"../../../Engine/Content/EngineSky/VolumetricClouds/CloudGradientTexture.uasset" 256
"../../../Engine/Content/EngineSky/VolumetricClouds/CloudGradientTexture.uexp" 257
"../../../Engine/Content/Functions/Engine_MaterialFunctions02/Utility/MakeFloat2.uasset" 258
"../../../Engine/Content/Functions/Engine_MaterialFunctions02/Utility/MakeFloat2.uexp" 259
"../../../Engine/Content/EngineSky/VolumetricClouds/m_SimpleVolumetricCloud.uasset" 260
"../../../Engine/Content/EngineSky/VolumetricClouds/m_SimpleVolumetricCloud.uexp" 261
"../../../Engine/Content/EngineSky/VolumetricClouds/m_SimpleVolumetricCloud_Inst.uasset" 262
"../../../Engine/Content/EngineSky/VolumetricClouds/m_SimpleVolumetricCloud_Inst.uexp" 263
"../../../Engine/Content/EngineSounds/Master.uasset" 264
"../../../Engine/Content/EngineSounds/Master.uexp" 265
"../../../Engine/Content/Functions/Engine_MaterialFunctions01/Shading/PowerToRoughness.uasset" 266
"../../../Engine/Content/Functions/Engine_MaterialFunctions01/Shading/PowerToRoughness.uexp" 267
"../../../Engine/Content/Maps/Templates/Thumbnails/Default.uasset" 268
"../../../Engine/Content/Maps/Templates/Thumbnails/Default.uexp" 269
"../../../Engine/Content/Maps/Templates/Thumbnails/TimeOfDay.uasset" 270
"../../../Engine/Content/Maps/Templates/Thumbnails/TimeOfDay.uexp" 271
"../../../Engine/Content/Maps/Templates/Thumbnails/VR-Basic.uasset" 272
"../../../Engine/Content/Maps/Templates/Thumbnails/VR-Basic.uexp" 273
"../../../Engine/Content/MobileResources/T_MobileControls_texture.uasset" 274
"../../../Engine/Content/MobileResources/T_MobileControls_texture.uexp" 275
"../../../Engine/Content/MobileResources/T_MobileMenu2.uasset" 276
"../../../Engine/Content/MobileResources/T_MobileMenu2.uexp" 277
"../../../Engine/Content/MobileResources/HUD/AnalogHat.uasset" 278
"../../../Engine/Content/MobileResources/HUD/AnalogHat.uexp" 279
"../../../Engine/Content/MobileResources/HUD/VirtualJoystick_Thumb.uasset" 280
"../../../Engine/Content/MobileResources/HUD/VirtualJoystick_Thumb.uexp" 281
"../../../Engine/Content/MobileResources/HUD/VirtualJoystick_Background.uasset" 282
"../../../Engine/Content/MobileResources/HUD/VirtualJoystick_Background.uexp" 283
"../../../Engine/Content/MobileResources/HUD/LeftVirtualJoystickOnly.uasset" 284
"../../../Engine/Content/MobileResources/HUD/LeftVirtualJoystickOnly.uexp" 285
"../../../Engine/Content/MobileResources/HUD/MobileHUDButton1_off.uasset" 286
"../../../Engine/Content/MobileResources/HUD/MobileHUDButton1_off.uexp" 287
"../../../Engine/Content/MobileResources/HUD/MobileHUDButton1_on.uasset" 288
"../../../Engine/Content/MobileResources/HUD/MobileHUDButton1_on.uexp" 289
"../../../Engine/Content/MobileResources/HUD/MobileHUDButton2_off.uasset" 290
"../../../Engine/Content/MobileResources/HUD/MobileHUDButton2_off.uexp" 291
"../../../Engine/Content/MobileResources/HUD/MobileHUDButton2_on.uasset" 292
"../../../Engine/Content/MobileResources/HUD/MobileHUDButton2_on.uexp" 293
"../../../Engine/Content/MobileResources/HUD/MobileHUDButton3.uasset" 294
"../../../Engine/Content/MobileResources/HUD/MobileHUDButton3.uexp" 295
"../../../Engine/Content/MobileResources/HUD/MobileHUDButtonFire.uasset" 296
"../../../Engine/Content/MobileResources/HUD/MobileHUDButtonFire.uexp" 297
"../../../Engine/Content/MobileResources/HUD/MobileHUDDirectionPad.uasset" 298
"../../../Engine/Content/MobileResources/HUD/MobileHUDDirectionPad.uexp" 299
"../../../Engine/Content/MobileResources/HUD/MobileHUDDirectionPad2.uasset" 300
"../../../Engine/Content/MobileResources/HUD/MobileHUDDirectionPad2.uexp" 301
"../../../Engine/Content/MobileResources/HUD/MobileHUDDirectionPad3.uasset" 302
"../../../Engine/Content/MobileResources/HUD/MobileHUDDirectionPad3.uexp" 303
"../../../Engine/Content/MobileResources/HUD/MobileHUDDirectionStick.uasset" 304
"../../../Engine/Content/MobileResources/HUD/MobileHUDDirectionStick.uexp" 305
"../../../Engine/Content/MobileResources/HUD/T_Castle_ThumbstickInner.uasset" 306
"../../../Engine/Content/MobileResources/HUD/T_Castle_ThumbstickInner.uexp" 307
"../../../Engine/Content/MobileResources/HUD/T_Castle_ThumbstickOutter.uasset" 308
"../../../Engine/Content/MobileResources/HUD/T_Castle_ThumbstickOutter.uexp" 309
"../../../Engine/Content/Tutorial/ContentIntroCurve.uasset" 310
"../../../Engine/Content/Tutorial/ContentIntroCurve.uexp" 311
"../../../Engine/Content/Tutorial/Basics/TutorialAssets/icon_tab_Levels_40x.uasset" 312
"../../../Engine/Content/Tutorial/Basics/TutorialAssets/icon_tab_Levels_40x.uexp" 313
"../../../Engine/Content/VREditor/TransformGizmo/TranslucentTransformGizmoMaterial.uasset" 314
"../../../Engine/Content/VREditor/TransformGizmo/TranslucentTransformGizmoMaterial.uexp" 315
"../../../Engine/Content/VREditor/LaserPointer/VR_LaserPower_01.uasset" 316
"../../../Engine/Content/VREditor/LaserPointer/VR_LaserPower_01.uexp" 317
"../../../Engine/Content/VREditor/LaserPointer/VR_LaserPower_01.ubulk" 318
"../../../Engine/Content/VREditor/TransformGizmo/TransformGizmoMaterial.uasset" 319
"../../../Engine/Content/VREditor/TransformGizmo/TransformGizmoMaterial.uexp" 320
"../../../Engine/Content/VREditor/TransformGizmo/BoundingBoxCorner.uasset" 321
"../../../Engine/Content/VREditor/TransformGizmo/BoundingBoxCorner.uexp" 322
"../../../Engine/Content/VREditor/TransformGizmo/BoundingBoxEdge.uasset" 323
"../../../Engine/Content/VREditor/TransformGizmo/BoundingBoxEdge.uexp" 324
"../../../Engine/Content/VREditor/TransformGizmo/PlaneTranslationHandle.uasset" 325
"../../../Engine/Content/VREditor/TransformGizmo/PlaneTranslationHandle.uexp" 326
"../../../Engine/Content/VREditor/TransformGizmo/Xray.uasset" 327
"../../../Engine/Content/VREditor/TransformGizmo/Xray.uexp" 328
"../../../Engine/Content/VREditor/TransformGizmo/Main.uasset" 329
"../../../Engine/Content/VREditor/TransformGizmo/Main.uexp" 330
"../../../Engine/Content/VREditor/TransformGizmo/SM_Sequencer_Key.uasset" 331
"../../../Engine/Content/VREditor/TransformGizmo/SM_Sequencer_Key.uexp" 332
"../../../Engine/Content/VREditor/TransformGizmo/SM_Sequencer_Node.uasset" 333
"../../../Engine/Content/VREditor/TransformGizmo/SM_Sequencer_Node.uexp" 334
"../../../Engine/Plugins/2D/Paper2D/Content/PlaceholderTextures/DummySpriteTexture.uasset" 335
"../../../Engine/Plugins/2D/Paper2D/Content/PlaceholderTextures/DummySpriteTexture.uexp" 336
"../../../Engine/Plugins/2D/Paper2D/Content/PlaceholderTextures/DummySpriteTexture.ubulk" 337
"../../../Engine/Plugins/2D/Paper2D/Content/DummySprite.uasset" 338
"../../../Engine/Plugins/2D/Paper2D/Content/DummySprite.uexp" 339
"../../../Engine/Plugins/2D/Paper2D/Content/DefaultPaperTerrainMaterial.uasset" 340
"../../../Engine/Plugins/2D/Paper2D/Content/DefaultPaperTerrainMaterial.uexp" 341
"../../../Engine/Plugins/2D/Paper2D/Content/DefaultSpriteMaterial.uasset" 342
"../../../Engine/Plugins/2D/Paper2D/Content/DefaultSpriteMaterial.uexp" 343
"../../../Engine/Plugins/2D/Paper2D/Content/MaskedUnlitSpriteMaterial.uasset" 344
"../../../Engine/Plugins/2D/Paper2D/Content/MaskedUnlitSpriteMaterial.uexp" 345
"../../../Engine/Plugins/2D/Paper2D/Content/OpaqueUnlitSpriteMaterial.uasset" 346
"../../../Engine/Plugins/2D/Paper2D/Content/OpaqueUnlitSpriteMaterial.uexp" 347
"../../../Engine/Content/Functions/Engine_MaterialFunctions02/Utility/BreakOutFloat3Components.uasset" 348
"../../../Engine/Content/Functions/Engine_MaterialFunctions02/Utility/BreakOutFloat3Components.uexp" 349
"../../../Engine/Plugins/Editor/SpeedTreeImporter/Content/SpeedTree9/UnpackInteger3.uasset" 350
"../../../Engine/Plugins/Editor/SpeedTreeImporter/Content/SpeedTree9/UnpackInteger3.uexp" 351
"../../../Engine/Plugins/Editor/SpeedTreeImporter/Content/SpeedTree9/UnpackDirection.uasset" 352
"../../../Engine/Plugins/Editor/SpeedTreeImporter/Content/SpeedTree9/UnpackDirection.uexp" 353
"../../../Engine/Plugins/Editor/SpeedTreeImporter/Content/SpeedTree9/game_wind_noise.uasset" 354
"../../../Engine/Plugins/Editor/SpeedTreeImporter/Content/SpeedTree9/game_wind_noise.uexp" 355
"../../../Engine/Plugins/Editor/SpeedTreeImporter/Content/SpeedTree9/game_wind_noise.ubulk" 356
"../../../Engine/Content/Functions/Engine_MaterialFunctions02/SafeNormalize.uasset" 357
"../../../Engine/Content/Functions/Engine_MaterialFunctions02/SafeNormalize.uexp" 358
"../../../Engine/Plugins/Editor/SpeedTreeImporter/Content/SpeedTree9/SpeedTreeWindMotion.uasset" 359
"../../../Engine/Plugins/Editor/SpeedTreeImporter/Content/SpeedTree9/SpeedTreeWindMotion.uexp" 360
"../../../Engine/Plugins/Editor/SpeedTreeImporter/Content/SpeedTree9/SpeedTreeBranchMotion.uasset" 361
"../../../Engine/Plugins/Editor/SpeedTreeImporter/Content/SpeedTree9/SpeedTreeBranchMotion.uexp" 362
"../../../Engine/Content/Functions/Engine_MaterialFunctions02/ObjectLocalBounds.uasset" 363
"../../../Engine/Content/Functions/Engine_MaterialFunctions02/ObjectLocalBounds.uexp" 364
"../../../Engine/Content/Functions/Engine_MaterialFunctions02/UVs/BoundingBoxBased_0-1_UVW.uasset" 365
"../../../Engine/Content/Functions/Engine_MaterialFunctions02/UVs/BoundingBoxBased_0-1_UVW.uexp" 366
"../../../Engine/Content/Functions/Engine_MaterialFunctions02/Utility/VectorLength.uasset" 367
"../../../Engine/Content/Functions/Engine_MaterialFunctions02/Utility/VectorLength.uexp" 368
"../../../Engine/Content/Functions/Engine_MaterialFunctions02/WorldPositionOffset/ObjectScale.uasset" 369
"../../../Engine/Content/Functions/Engine_MaterialFunctions02/WorldPositionOffset/ObjectScale.uexp" 370
"../../../Engine/Plugins/Editor/SpeedTreeImporter/Content/SpeedTree9/SpeedTreeWind.uasset" 371
"../../../Engine/Plugins/Editor/SpeedTreeImporter/Content/SpeedTree9/SpeedTreeWind.uexp" 372
"../../../Engine/Plugins/Editor/SpeedTreeImporter/Content/SpeedTree9/SpeedTreeBillboard.uasset" 373
"../../../Engine/Plugins/Editor/SpeedTreeImporter/Content/SpeedTree9/SpeedTreeBillboard.uexp" 374
"../../../Engine/Plugins/Editor/SpeedTreeImporter/Content/SpeedTree9/EmptyNormal.uasset" 375
"../../../Engine/Plugins/Editor/SpeedTreeImporter/Content/SpeedTree9/EmptyNormal.uexp" 376
"../../../Engine/Plugins/Editor/SpeedTreeImporter/Content/SpeedTree9/Empty.uasset" 377
"../../../Engine/Plugins/Editor/SpeedTreeImporter/Content/SpeedTree9/Empty.uexp" 378
"../../../Engine/Plugins/Editor/SpeedTreeImporter/Content/SpeedTree9/SpeedTreeBillboardMaster.uasset" 379
"../../../Engine/Plugins/Editor/SpeedTreeImporter/Content/SpeedTree9/SpeedTreeBillboardMaster.uexp" 380
"../../../Engine/Plugins/Editor/SpeedTreeImporter/Content/SpeedTree9/SpeedTreeCameraFacing.uasset" 381
"../../../Engine/Plugins/Editor/SpeedTreeImporter/Content/SpeedTree9/SpeedTreeCameraFacing.uexp" 382
"../../../Engine/Plugins/Editor/SpeedTreeImporter/Content/SpeedTree9/SpeedTreeMaster.uasset" 383
"../../../Engine/Plugins/Editor/SpeedTreeImporter/Content/SpeedTree9/SpeedTreeMaster.uexp" 384
"../../../Engine/Content/BasicShapes/Cylinder.uasset" 385
"../../../Engine/Content/BasicShapes/Cylinder.uexp" 386
"../../../Engine/Content/ArtTools/RenderToTexture/Materials/Debug/M_Emissive_Color.uasset" 387
"../../../Engine/Content/ArtTools/RenderToTexture/Materials/Debug/M_Emissive_Color.uexp" 388
"../../../Engine/Plugins/Lumin/MagicLeapPassableWorld/Content/MagicLeapARPinInfoActor.uasset" 389
"../../../Engine/Plugins/Lumin/MagicLeapPassableWorld/Content/MagicLeapARPinInfoActor.uexp" 390
"../../../Engine/Plugins/Runtime/OpenXR/Content/Devices/GoogleDaydream/MRTexture.uasset" 391
"../../../Engine/Plugins/Runtime/OpenXR/Content/Devices/GoogleDaydream/MRTexture.uexp" 392
"../../../Engine/Plugins/Runtime/OpenXR/Content/Devices/GoogleDaydream/MRTexture.ubulk" 393
"../../../Engine/Plugins/Runtime/OpenXR/Content/Devices/GoogleDaydream/BaseTexture.uasset" 394
"../../../Engine/Plugins/Runtime/OpenXR/Content/Devices/GoogleDaydream/BaseTexture.uexp" 395
"../../../Engine/Plugins/Runtime/OpenXR/Content/Devices/GoogleDaydream/BaseTexture.ubulk" 396
"../../../Engine/Content/EngineResources/Black.uasset" 397
"../../../Engine/Content/EngineResources/Black.uexp" 398
"../../../Engine/Plugins/Runtime/OpenXR/Content/Devices/M_XRController.uasset" 399
"../../../Engine/Plugins/Runtime/OpenXR/Content/Devices/M_XRController.uexp" 400
"../../../Engine/Plugins/Runtime/OpenXR/Content/Devices/GoogleDaydream/MI_GoogleDaydream.uasset" 401
"../../../Engine/Plugins/Runtime/OpenXR/Content/Devices/GoogleDaydream/MI_GoogleDaydream.uexp" 402
"../../../Engine/Plugins/Runtime/OpenXR/Content/Devices/GoogleDaydream/GoogleDaydreamController.uasset" 403
"../../../Engine/Plugins/Runtime/OpenXR/Content/Devices/GoogleDaydream/GoogleDaydreamController.uexp" 404
"../../../Engine/Plugins/Runtime/OpenXR/Content/Devices/HTCVive/BaseTexture.uasset" 405
"../../../Engine/Plugins/Runtime/OpenXR/Content/Devices/HTCVive/BaseTexture.uexp" 406
"../../../Engine/Plugins/Runtime/OpenXR/Content/Devices/HTCVive/BaseTexture.ubulk" 407
"../../../Engine/Plugins/Runtime/OpenXR/Content/Devices/HTCVive/MI_HTCVive.uasset" 408
"../../../Engine/Plugins/Runtime/OpenXR/Content/Devices/HTCVive/MI_HTCVive.uexp" 409
"../../../Engine/Plugins/Runtime/OpenXR/Content/Devices/HTCVive/HTCViveController.uasset" 410
"../../../Engine/Plugins/Runtime/OpenXR/Content/Devices/HTCVive/HTCViveController.uexp" 411
"../../../Engine/Plugins/Runtime/OpenXR/Content/Devices/MicrosoftMixedReality/NormalTexture.uasset" 412
"../../../Engine/Plugins/Runtime/OpenXR/Content/Devices/MicrosoftMixedReality/NormalTexture.uexp" 413
"../../../Engine/Plugins/Runtime/OpenXR/Content/Devices/MicrosoftMixedReality/NormalTexture.ubulk" 414
"../../../Engine/Plugins/Runtime/OpenXR/Content/Devices/MicrosoftMixedReality/MRTexture.uasset" 415
"../../../Engine/Plugins/Runtime/OpenXR/Content/Devices/MicrosoftMixedReality/MRTexture.uexp" 416
"../../../Engine/Plugins/Runtime/OpenXR/Content/Devices/MicrosoftMixedReality/MRTexture.ubulk" 417
"../../../Engine/Plugins/Runtime/OpenXR/Content/Devices/MicrosoftMixedReality/EmissiveTexture.uasset" 418
"../../../Engine/Plugins/Runtime/OpenXR/Content/Devices/MicrosoftMixedReality/EmissiveTexture.uexp" 419
"../../../Engine/Plugins/Runtime/OpenXR/Content/Devices/MicrosoftMixedReality/EmissiveTexture.ubulk" 420
"../../../Engine/Plugins/Runtime/OpenXR/Content/Devices/MicrosoftMixedReality/BaseTexture.uasset" 421
"../../../Engine/Plugins/Runtime/OpenXR/Content/Devices/MicrosoftMixedReality/BaseTexture.uexp" 422
"../../../Engine/Plugins/Runtime/OpenXR/Content/Devices/MicrosoftMixedReality/BaseTexture.ubulk" 423
"../../../Engine/Plugins/Runtime/OpenXR/Content/Devices/MicrosoftMixedReality/MI_MicrosoftMixedReality.uasset" 424
"../../../Engine/Plugins/Runtime/OpenXR/Content/Devices/MicrosoftMixedReality/MI_MicrosoftMixedReality.uexp" 425
"../../../Engine/Plugins/Runtime/OpenXR/Content/Devices/MicrosoftMixedReality/Left/left_MicrosoftMixedRealityController.uasset" 426
"../../../Engine/Plugins/Runtime/OpenXR/Content/Devices/MicrosoftMixedReality/Left/left_MicrosoftMixedRealityController.uexp" 427
"../../../Engine/Plugins/Runtime/OpenXR/Content/Devices/MicrosoftMixedReality/Right/right_MicrosoftMixedRealityController.uasset" 428
"../../../Engine/Plugins/Runtime/OpenXR/Content/Devices/MicrosoftMixedReality/Right/right_MicrosoftMixedRealityController.uexp" 429
"../../../Engine/Plugins/Runtime/OpenXR/Content/Devices/OculusGo/BaseTexture.uasset" 430
"../../../Engine/Plugins/Runtime/OpenXR/Content/Devices/OculusGo/BaseTexture.uexp" 431
"../../../Engine/Plugins/Runtime/OpenXR/Content/Devices/OculusGo/BaseTexture.ubulk" 432
"../../../Engine/Plugins/Runtime/OpenXR/Content/Devices/OculusGo/MI_OculusGo.uasset" 433
"../../../Engine/Plugins/Runtime/OpenXR/Content/Devices/OculusGo/MI_OculusGo.uexp" 434
"../../../Engine/Plugins/Runtime/OpenXR/Content/Devices/OculusGo/OculusGoController.uasset" 435
"../../../Engine/Plugins/Runtime/OpenXR/Content/Devices/OculusGo/OculusGoController.uexp" 436
"../../../Engine/Plugins/Runtime/OpenXR/Content/Devices/OculusTouch/MRTexture.uasset" 437
"../../../Engine/Plugins/Runtime/OpenXR/Content/Devices/OculusTouch/MRTexture.uexp" 438
"../../../Engine/Plugins/Runtime/OpenXR/Content/Devices/OculusTouch/MRTexture.ubulk" 439
"../../../Engine/Plugins/Runtime/OpenXR/Content/Devices/OculusTouch/BaseTexture.uasset" 440
"../../../Engine/Plugins/Runtime/OpenXR/Content/Devices/OculusTouch/BaseTexture.uexp" 441
"../../../Engine/Plugins/Runtime/OpenXR/Content/Devices/OculusTouch/BaseTexture.ubulk" 442
"../../../Engine/Plugins/Runtime/OpenXR/Content/Devices/OculusTouch/MI_OculusTouch.uasset" 443
"../../../Engine/Plugins/Runtime/OpenXR/Content/Devices/OculusTouch/MI_OculusTouch.uexp" 444
"../../../Engine/Plugins/Runtime/OpenXR/Content/Devices/OculusTouch/Left/left_OculusTouchController.uasset" 445
"../../../Engine/Plugins/Runtime/OpenXR/Content/Devices/OculusTouch/Left/left_OculusTouchController.uexp" 446
"../../../Engine/Plugins/Runtime/OpenXR/Content/Devices/OculusTouch/Right/right_OculusTouchController.uasset" 447
"../../../Engine/Plugins/Runtime/OpenXR/Content/Devices/OculusTouch/Right/right_OculusTouchController.uexp" 448
"../../../Engine/Plugins/Runtime/OpenXR/Content/Devices/OculusTouch_v2/MRTexture.uasset" 449
"../../../Engine/Plugins/Runtime/OpenXR/Content/Devices/OculusTouch_v2/MRTexture.uexp" 450
"../../../Engine/Plugins/Runtime/OpenXR/Content/Devices/OculusTouch_v2/MRTexture.ubulk" 451
"../../../Engine/Plugins/Runtime/OpenXR/Content/Devices/OculusTouch_v2/BaseTexture.uasset" 452
"../../../Engine/Plugins/Runtime/OpenXR/Content/Devices/OculusTouch_v2/BaseTexture.uexp" 453
"../../../Engine/Plugins/Runtime/OpenXR/Content/Devices/OculusTouch_v2/BaseTexture.ubulk" 454
"../../../Engine/Plugins/Runtime/OpenXR/Content/Devices/OculusTouch_v2/MI_OculusTouch_v2.uasset" 455
"../../../Engine/Plugins/Runtime/OpenXR/Content/Devices/OculusTouch_v2/MI_OculusTouch_v2.uexp" 456
"../../../Engine/Plugins/Runtime/OpenXR/Content/Devices/OculusTouch_v2/Left/left_OculusTouch_v2Controller.uasset" 457
"../../../Engine/Plugins/Runtime/OpenXR/Content/Devices/OculusTouch_v2/Left/left_OculusTouch_v2Controller.uexp" 458
"../../../Engine/Plugins/Runtime/OpenXR/Content/Devices/OculusTouch_v2/Right/right_OculusTouch_v2Controller.uasset" 459
"../../../Engine/Plugins/Runtime/OpenXR/Content/Devices/OculusTouch_v2/Right/right_OculusTouch_v2Controller.uexp" 460
"../../../Engine/Plugins/Runtime/OpenXR/Content/Devices/OculusTouch_v3/MRTexture.uasset" 461
"../../../Engine/Plugins/Runtime/OpenXR/Content/Devices/OculusTouch_v3/MRTexture.uexp" 462
"../../../Engine/Plugins/Runtime/OpenXR/Content/Devices/OculusTouch_v3/MRTexture.ubulk" 463
"../../../Engine/Plugins/Runtime/OpenXR/Content/Devices/OculusTouch_v3/BaseTexture.uasset" 464
"../../../Engine/Plugins/Runtime/OpenXR/Content/Devices/OculusTouch_v3/BaseTexture.uexp" 465
"../../../Engine/Plugins/Runtime/OpenXR/Content/Devices/OculusTouch_v3/BaseTexture.ubulk" 466
"../../../Engine/Plugins/Runtime/OpenXR/Content/Devices/OculusTouch_v3/MI_OculusTouch_v3.uasset" 467
"../../../Engine/Plugins/Runtime/OpenXR/Content/Devices/OculusTouch_v3/MI_OculusTouch_v3.uexp" 468
"../../../Engine/Plugins/Runtime/OpenXR/Content/Devices/OculusTouch_v3/Left/left_OculusTouch_v3Controller.uasset" 469
"../../../Engine/Plugins/Runtime/OpenXR/Content/Devices/OculusTouch_v3/Left/left_OculusTouch_v3Controller.uexp" 470
"../../../Engine/Plugins/Runtime/OpenXR/Content/Devices/OculusTouch_v3/Right/right_OculusTouch_v3Controller.uasset" 471
"../../../Engine/Plugins/Runtime/OpenXR/Content/Devices/OculusTouch_v3/Right/right_OculusTouch_v3Controller.uexp" 472
"../../../Engine/Plugins/Runtime/OpenXR/Content/Devices/ValveIndex/MRTexture.uasset" 473
"../../../Engine/Plugins/Runtime/OpenXR/Content/Devices/ValveIndex/MRTexture.uexp" 474
"../../../Engine/Plugins/Runtime/OpenXR/Content/Devices/ValveIndex/MRTexture.ubulk" 475
"../../../Engine/Plugins/Runtime/OpenXR/Content/Devices/ValveIndex/BaseTexture.uasset" 476
"../../../Engine/Plugins/Runtime/OpenXR/Content/Devices/ValveIndex/BaseTexture.uexp" 477
"../../../Engine/Plugins/Runtime/OpenXR/Content/Devices/ValveIndex/BaseTexture.ubulk" 478
"../../../Engine/Plugins/Runtime/OpenXR/Content/Devices/ValveIndex/Left/MI_left_ValveIndex.uasset" 479
"../../../Engine/Plugins/Runtime/OpenXR/Content/Devices/ValveIndex/Left/MI_left_ValveIndex.uexp" 480
"../../../Engine/Plugins/Runtime/OpenXR/Content/Devices/ValveIndex/Left/left_ValveIndexController.uasset" 481
"../../../Engine/Plugins/Runtime/OpenXR/Content/Devices/ValveIndex/Left/left_ValveIndexController.uexp" 482
"../../../Engine/Plugins/Runtime/OpenXR/Content/Devices/ValveIndex/Right/MI_right_ValveIndex.uasset" 483
"../../../Engine/Plugins/Runtime/OpenXR/Content/Devices/ValveIndex/Right/MI_right_ValveIndex.uexp" 484
"../../../Engine/Plugins/Runtime/OpenXR/Content/Devices/ValveIndex/Right/right_ValveIndexController.uasset" 485
"../../../Engine/Plugins/Runtime/OpenXR/Content/Devices/ValveIndex/Right/right_ValveIndexController.uexp" 486
"../../../Engine/Content/Functions/Engine_MaterialFunctions02/Utility/BreakOutFloat4Components.uasset" 487
"../../../Engine/Content/Functions/Engine_MaterialFunctions02/Utility/BreakOutFloat4Components.uexp" 488
"../../../Engine/Content/Functions/Engine_MaterialFunctions02/Utility/MakeFloat3.uasset" 489
"../../../Engine/Content/Functions/Engine_MaterialFunctions02/Utility/MakeFloat3.uexp" 490
"../../../Engine/Plugins/Runtime/Oculus/OculusVR/Content/Materials/OculusMR_ChromaKey.uasset" 491
"../../../Engine/Plugins/Runtime/Oculus/OculusVR/Content/Materials/OculusMR_ChromaKey.uexp" 492
"../../../Engine/Plugins/Runtime/Oculus/OculusVR/Content/Materials/OculusMR_OpaqueColoredMaterial.uasset" 493
"../../../Engine/Plugins/Runtime/Oculus/OculusVR/Content/Materials/OculusMR_OpaqueColoredMaterial.uexp" 494
"../../../Engine/Plugins/Runtime/Oculus/OculusVR/Content/Materials/PokeAHoleMaterial.uasset" 495
"../../../Engine/Plugins/Runtime/Oculus/OculusVR/Content/Materials/PokeAHoleMaterial.uexp" 496
"../../../Engine/Plugins/Runtime/Oculus/OculusVR/Content/Textures/touchController_controlmap.uasset" 497
"../../../Engine/Plugins/Runtime/Oculus/OculusVR/Content/Textures/touchController_controlmap.uexp" 498
"../../../Engine/Plugins/Runtime/Oculus/OculusVR/Content/Textures/touchController_controlmap.ubulk" 499
"../../../Engine/Plugins/Runtime/Oculus/OculusVR/Content/Textures/touchController_albedo.uasset" 500
"../../../Engine/Plugins/Runtime/Oculus/OculusVR/Content/Textures/touchController_albedo.uexp" 501
"../../../Engine/Plugins/Runtime/Oculus/OculusVR/Content/Textures/touchController_albedo.ubulk" 502
"../../../Engine/Plugins/Runtime/Oculus/OculusVR/Content/Materials/touchController_mat.uasset" 503
"../../../Engine/Plugins/Runtime/Oculus/OculusVR/Content/Materials/touchController_mat.uexp" 504
"../../../Engine/Plugins/Runtime/Oculus/OculusVR/Content/Meshes/LeftTouchController.uasset" 505
"../../../Engine/Plugins/Runtime/Oculus/OculusVR/Content/Meshes/LeftTouchController.uexp" 506
"../../../Engine/Plugins/Runtime/Oculus/OculusVR/Content/Textures/TouchForQuestRiftSController_albedo.uasset" 507
"../../../Engine/Plugins/Runtime/Oculus/OculusVR/Content/Textures/TouchForQuestRiftSController_albedo.uexp" 508
"../../../Engine/Plugins/Runtime/Oculus/OculusVR/Content/Textures/TouchForQuestRiftSController_albedo.ubulk" 509
"../../../Engine/Plugins/Runtime/Oculus/OculusVR/Content/Materials/TouchForQuestRiftSControllerMaterial.uasset" 510
"../../../Engine/Plugins/Runtime/Oculus/OculusVR/Content/Materials/TouchForQuestRiftSControllerMaterial.uexp" 511
"../../../Engine/Plugins/Runtime/Oculus/OculusVR/Content/Meshes/LeftTouchForQuestRiftSController.uasset" 512
"../../../Engine/Plugins/Runtime/Oculus/OculusVR/Content/Meshes/LeftTouchForQuestRiftSController.uexp" 513
"../../../Engine/Plugins/Runtime/Oculus/OculusVR/Content/Meshes/RiftHMD.uasset" 514
"../../../Engine/Plugins/Runtime/Oculus/OculusVR/Content/Meshes/RiftHMD.uexp" 515
"../../../Engine/Plugins/Runtime/Oculus/OculusVR/Content/Meshes/RightTouchController.uasset" 516
"../../../Engine/Plugins/Runtime/Oculus/OculusVR/Content/Meshes/RightTouchController.uexp" 517
"../../../Engine/Plugins/Runtime/Oculus/OculusVR/Content/Meshes/RightTouchForQuestRiftSController.uasset" 518
"../../../Engine/Plugins/Runtime/Oculus/OculusVR/Content/Meshes/RightTouchForQuestRiftSController.uexp" 519
"../../../Engine/Content/EngineSky/T_Sky_Stars.uasset" 520
"../../../Engine/Content/EngineSky/T_Sky_Stars.uexp" 521
"../../../Engine/Content/EngineSky/T_Sky_Stars.ubulk" 522
"../../../Engine/Content/EngineSky/T_Sky_Clouds_M.uasset" 523
"../../../Engine/Content/EngineSky/T_Sky_Clouds_M.uexp" 524
"../../../Engine/Content/EngineSky/T_Sky_Clouds_M.ubulk" 525
"../../../Engine/Content/EngineSky/T_Sky_Blue.uasset" 526
"../../../Engine/Content/EngineSky/T_Sky_Blue.uexp" 527
"../../../Engine/Content/EngineSky/T_Sky_Blue.ubulk" 528
"../../../Engine/Content/EngineSky/M_Sky_Panning_Clouds2.uasset" 529
"../../../Engine/Content/EngineSky/M_Sky_Panning_Clouds2.uexp" 530
"../../../Engine/Content/EngineSky/SM_SkySphere.uasset" 531
"../../../Engine/Content/EngineSky/SM_SkySphere.uexp" 532
"../../../Engine/Content/EngineSky/C_Sky_Zenith_Color.uasset" 533
"../../../Engine/Content/EngineSky/C_Sky_Zenith_Color.uexp" 534
"../../../Engine/Content/EngineSky/C_Sky_Horizon_Color.uasset" 535
"../../../Engine/Content/EngineSky/C_Sky_Horizon_Color.uexp" 536
"../../../Engine/Content/EngineSky/C_Sky_Cloud_Color.uasset" 537
"../../../Engine/Content/EngineSky/C_Sky_Cloud_Color.uexp" 538
"../../../Engine/Content/EditorBlueprintResources/StandardMacros.uasset" 539
"../../../Engine/Content/EditorBlueprintResources/StandardMacros.uexp" 540
"../../../Engine/Content/EngineSky/BP_Sky_Sphere.uasset" 541
"../../../Engine/Content/EngineSky/BP_Sky_Sphere.uexp" 542
"C:/Users/NTR/OneDrive/Escritorio/TP Labo/juego/proyecto-profesional-videojuego-3d/4.27/MyProject/Content/CatchEm/UI/Logo/Logo.uasset" 543
"C:/Users/NTR/OneDrive/Escritorio/TP Labo/juego/proyecto-profesional-videojuego-3d/4.27/MyProject/Content/CatchEm/UI/Logo/Logo.uexp" 544
"C:/Users/NTR/OneDrive/Escritorio/TP Labo/juego/proyecto-profesional-videojuego-3d/4.27/MyProject/Content/CatchEm/UI/Fuentes/Russo_One.uasset" 545
"C:/Users/NTR/OneDrive/Escritorio/TP Labo/juego/proyecto-profesional-videojuego-3d/4.27/MyProject/Content/CatchEm/UI/Fuentes/Russo_One.uexp" 546
"C:/Users/NTR/OneDrive/Escritorio/TP Labo/juego/proyecto-profesional-videojuego-3d/4.27/MyProject/Content/CatchEm/UI/Fuentes/Russo_One.ufont" 547
"C:/Users/NTR/OneDrive/Escritorio/TP Labo/juego/proyecto-profesional-videojuego-3d/4.27/MyProject/Content/CatchEm/UI/Fuentes/Russo_One_Font.uasset" 548
"C:/Users/NTR/OneDrive/Escritorio/TP Labo/juego/proyecto-profesional-videojuego-3d/4.27/MyProject/Content/CatchEm/UI/Fuentes/Russo_One_Font.uexp" 549
"C:/Users/NTR/OneDrive/Escritorio/TP Labo/juego/proyecto-profesional-videojuego-3d/4.27/MyProject/Content/StarterContent/Blueprints/WBP_MenuMultijugador.uasset" 550
"C:/Users/NTR/OneDrive/Escritorio/TP Labo/juego/proyecto-profesional-videojuego-3d/4.27/MyProject/Content/StarterContent/Blueprints/WBP_MenuMultijugador.uexp" 551
"C:/Users/NTR/OneDrive/Escritorio/TP Labo/juego/proyecto-profesional-videojuego-3d/4.27/MyProject/Content/StarterContent/Blueprints/WBP_MenuPrartida.uasset" 552
"C:/Users/NTR/OneDrive/Escritorio/TP Labo/juego/proyecto-profesional-videojuego-3d/4.27/MyProject/Content/StarterContent/Blueprints/WBP_MenuPrartida.uexp" 553
"C:/Users/NTR/OneDrive/Escritorio/TP Labo/juego/proyecto-profesional-videojuego-3d/4.27/MyProject/Content/StarterContent/Blueprints/SC_Master.uasset" 554
"C:/Users/NTR/OneDrive/Escritorio/TP Labo/juego/proyecto-profesional-videojuego-3d/4.27/MyProject/Content/StarterContent/Blueprints/SC_Master.uexp" 555
"C:/Users/NTR/OneDrive/Escritorio/TP Labo/juego/proyecto-profesional-videojuego-3d/4.27/MyProject/Content/StarterContent/Blueprints/SM_VolumenGeneral.uasset" 556
"C:/Users/NTR/OneDrive/Escritorio/TP Labo/juego/proyecto-profesional-videojuego-3d/4.27/MyProject/Content/StarterContent/Blueprints/SM_VolumenGeneral.uexp" 557
"C:/Users/NTR/OneDrive/Escritorio/TP Labo/juego/proyecto-profesional-videojuego-3d/4.27/MyProject/Content/StarterContent/Blueprints/SG_Ajustes.uasset" 558
"C:/Users/NTR/OneDrive/Escritorio/TP Labo/juego/proyecto-profesional-videojuego-3d/4.27/MyProject/Content/StarterContent/Blueprints/SG_Ajustes.uexp" 559
"C:/Users/NTR/OneDrive/Escritorio/TP Labo/juego/proyecto-profesional-videojuego-3d/4.27/MyProject/Content/StarterContent/Blueprints/WBP_Sonido.uasset" 560
"C:/Users/NTR/OneDrive/Escritorio/TP Labo/juego/proyecto-profesional-videojuego-3d/4.27/MyProject/Content/StarterContent/Blueprints/WBP_Sonido.uexp" 561
"C:/Users/NTR/OneDrive/Escritorio/TP Labo/juego/proyecto-profesional-videojuego-3d/4.27/MyProject/Content/StarterContent/Blueprints/WBP_MenuPausa.uasset" 562
"C:/Users/NTR/OneDrive/Escritorio/TP Labo/juego/proyecto-profesional-videojuego-3d/4.27/MyProject/Content/StarterContent/Blueprints/WBP_MenuPausa.uexp" 563
"C:/Users/NTR/OneDrive/Escritorio/TP Labo/juego/proyecto-profesional-videojuego-3d/4.27/MyProject/Content/StarterContent/Blueprints/BP_GuardarRecord.uasset" 564
"C:/Users/NTR/OneDrive/Escritorio/TP Labo/juego/proyecto-profesional-videojuego-3d/4.27/MyProject/Content/StarterContent/Blueprints/BP_GuardarRecord.uexp" 565
"C:/Users/NTR/OneDrive/Escritorio/TP Labo/juego/proyecto-profesional-videojuego-3d/4.27/MyProject/Content/Mannequin/Character/Mesh/SK_Mannequin_PhysicsAsset.uasset" 566
"C:/Users/NTR/OneDrive/Escritorio/TP Labo/juego/proyecto-profesional-videojuego-3d/4.27/MyProject/Content/Mannequin/Character/Mesh/SK_Mannequin_PhysicsAsset.uexp" 567
"C:/Users/NTR/OneDrive/Escritorio/TP Labo/juego/proyecto-profesional-videojuego-3d/4.27/MyProject/Content/Mannequin/Character/Textures/T_UE4Logo_N.uasset" 568
"C:/Users/NTR/OneDrive/Escritorio/TP Labo/juego/proyecto-profesional-videojuego-3d/4.27/MyProject/Content/Mannequin/Character/Textures/T_UE4Logo_N.uexp" 569
"C:/Users/NTR/OneDrive/Escritorio/TP Labo/juego/proyecto-profesional-videojuego-3d/4.27/MyProject/Content/Mannequin/Character/Textures/T_UE4Logo_N.ubulk" 570
"C:/Users/NTR/OneDrive/Escritorio/TP Labo/juego/proyecto-profesional-videojuego-3d/4.27/MyProject/Content/Mannequin/Character/Textures/T_UE4Logo_Mask.uasset" 571
"C:/Users/NTR/OneDrive/Escritorio/TP Labo/juego/proyecto-profesional-videojuego-3d/4.27/MyProject/Content/Mannequin/Character/Textures/T_UE4Logo_Mask.uexp" 572
"C:/Users/NTR/OneDrive/Escritorio/TP Labo/juego/proyecto-profesional-videojuego-3d/4.27/MyProject/Content/Mannequin/Character/Textures/T_UE4Logo_Mask.ubulk" 573
"C:/Users/NTR/OneDrive/Escritorio/TP Labo/juego/proyecto-profesional-videojuego-3d/4.27/MyProject/Content/Mannequin/Character/Textures/T_Male_N.uasset" 574
"C:/Users/NTR/OneDrive/Escritorio/TP Labo/juego/proyecto-profesional-videojuego-3d/4.27/MyProject/Content/Mannequin/Character/Textures/T_Male_N.uexp" 575
"C:/Users/NTR/OneDrive/Escritorio/TP Labo/juego/proyecto-profesional-videojuego-3d/4.27/MyProject/Content/Mannequin/Character/Textures/T_Male_N.ubulk" 576
"C:/Users/NTR/OneDrive/Escritorio/TP Labo/juego/proyecto-profesional-videojuego-3d/4.27/MyProject/Content/Mannequin/Character/Textures/T_Male_Mask.uasset" 577
"C:/Users/NTR/OneDrive/Escritorio/TP Labo/juego/proyecto-profesional-videojuego-3d/4.27/MyProject/Content/Mannequin/Character/Textures/T_Male_Mask.uexp" 578
"C:/Users/NTR/OneDrive/Escritorio/TP Labo/juego/proyecto-profesional-videojuego-3d/4.27/MyProject/Content/Mannequin/Character/Textures/T_Male_Mask.ubulk" 579
"C:/Users/NTR/OneDrive/Escritorio/TP Labo/juego/proyecto-profesional-videojuego-3d/4.27/MyProject/Content/Mannequin/Character/Materials/MaterialLayers/T_ML_Rubber_Blue_01_N.uasset" 580
"C:/Users/NTR/OneDrive/Escritorio/TP Labo/juego/proyecto-profesional-videojuego-3d/4.27/MyProject/Content/Mannequin/Character/Materials/MaterialLayers/T_ML_Rubber_Blue_01_N.uexp" 581
"C:/Users/NTR/OneDrive/Escritorio/TP Labo/juego/proyecto-profesional-videojuego-3d/4.27/MyProject/Content/Mannequin/Character/Materials/MaterialLayers/T_ML_Rubber_Blue_01_N.ubulk" 582
"C:/Users/NTR/OneDrive/Escritorio/TP Labo/juego/proyecto-profesional-videojuego-3d/4.27/MyProject/Content/Mannequin/Character/Materials/MaterialLayers/T_ML_Rubber_Blue_01_D.uasset" 583
"C:/Users/NTR/OneDrive/Escritorio/TP Labo/juego/proyecto-profesional-videojuego-3d/4.27/MyProject/Content/Mannequin/Character/Materials/MaterialLayers/T_ML_Rubber_Blue_01_D.uexp" 584
"C:/Users/NTR/OneDrive/Escritorio/TP Labo/juego/proyecto-profesional-videojuego-3d/4.27/MyProject/Content/Mannequin/Character/Materials/MaterialLayers/T_ML_Rubber_Blue_01_D.ubulk" 585
"C:/Users/NTR/OneDrive/Escritorio/TP Labo/juego/proyecto-profesional-videojuego-3d/4.27/MyProject/Content/Mannequin/Character/Materials/MaterialLayers/T_ML_Aluminum01_N.uasset" 586
"C:/Users/NTR/OneDrive/Escritorio/TP Labo/juego/proyecto-profesional-videojuego-3d/4.27/MyProject/Content/Mannequin/Character/Materials/MaterialLayers/T_ML_Aluminum01_N.uexp" 587
"C:/Users/NTR/OneDrive/Escritorio/TP Labo/juego/proyecto-profesional-videojuego-3d/4.27/MyProject/Content/Mannequin/Character/Materials/MaterialLayers/T_ML_Aluminum01_N.ubulk" 588
"C:/Users/NTR/OneDrive/Escritorio/TP Labo/juego/proyecto-profesional-videojuego-3d/4.27/MyProject/Content/Mannequin/Character/Materials/MaterialLayers/T_ML_Aluminum01.uasset" 589
"C:/Users/NTR/OneDrive/Escritorio/TP Labo/juego/proyecto-profesional-videojuego-3d/4.27/MyProject/Content/Mannequin/Character/Materials/MaterialLayers/T_ML_Aluminum01.uexp" 590
"C:/Users/NTR/OneDrive/Escritorio/TP Labo/juego/proyecto-profesional-videojuego-3d/4.27/MyProject/Content/Mannequin/Character/Materials/MaterialLayers/T_ML_Aluminum01.ubulk" 591
"C:/Users/NTR/OneDrive/Escritorio/TP Labo/juego/proyecto-profesional-videojuego-3d/4.27/MyProject/Content/Mannequin/Character/Materials/MaterialLayers/ML_SoftMetal_UE4.uasset" 592
"C:/Users/NTR/OneDrive/Escritorio/TP Labo/juego/proyecto-profesional-videojuego-3d/4.27/MyProject/Content/Mannequin/Character/Materials/MaterialLayers/ML_SoftMetal_UE4.uexp" 593
"C:/Users/NTR/OneDrive/Escritorio/TP Labo/juego/proyecto-profesional-videojuego-3d/4.27/MyProject/Content/Mannequin/Character/Materials/MaterialLayers/ML_Plastic_Shiny_Beige_LOGO.uasset" 594
"C:/Users/NTR/OneDrive/Escritorio/TP Labo/juego/proyecto-profesional-videojuego-3d/4.27/MyProject/Content/Mannequin/Character/Materials/MaterialLayers/ML_Plastic_Shiny_Beige_LOGO.uexp" 595
"C:/Users/NTR/OneDrive/Escritorio/TP Labo/juego/proyecto-profesional-videojuego-3d/4.27/MyProject/Content/Mannequin/Character/Materials/MaterialLayers/ML_Plastic_Shiny_Beige.uasset" 596
"C:/Users/NTR/OneDrive/Escritorio/TP Labo/juego/proyecto-profesional-videojuego-3d/4.27/MyProject/Content/Mannequin/Character/Materials/MaterialLayers/ML_Plastic_Shiny_Beige.uexp" 597
"C:/Users/NTR/OneDrive/Escritorio/TP Labo/juego/proyecto-profesional-videojuego-3d/4.27/MyProject/Content/Mannequin/Character/Materials/MaterialLayers/ML_GlossyBlack_Latex_UE4.uasset" 598
"C:/Users/NTR/OneDrive/Escritorio/TP Labo/juego/proyecto-profesional-videojuego-3d/4.27/MyProject/Content/Mannequin/Character/Materials/MaterialLayers/ML_GlossyBlack_Latex_UE4.uexp" 599
"../../../Engine/Content/Functions/MaterialLayerFunctions/MatLayerBlend_Simple.uasset" 600
"../../../Engine/Content/Functions/MaterialLayerFunctions/MatLayerBlend_Simple.uexp" 601
"../../../Engine/Content/Functions/Engine_MaterialFunctions02/Utility/BlendAngleCorrectedNormals.uasset" 602
"../../../Engine/Content/Functions/Engine_MaterialFunctions02/Utility/BlendAngleCorrectedNormals.uexp" 603
"../../../Engine/Content/Functions/MaterialLayerFunctions/MatLayerBlend_NormalBlend.uasset" 604
"../../../Engine/Content/Functions/MaterialLayerFunctions/MatLayerBlend_NormalBlend.uexp" 605
"C:/Users/NTR/OneDrive/Escritorio/TP Labo/juego/proyecto-profesional-videojuego-3d/4.27/MyProject/Content/Mannequin/Character/Materials/M_Male_Body.uasset" 606
"C:/Users/NTR/OneDrive/Escritorio/TP Labo/juego/proyecto-profesional-videojuego-3d/4.27/MyProject/Content/Mannequin/Character/Materials/M_Male_Body.uexp" 607
"C:/Users/NTR/OneDrive/Escritorio/TP Labo/juego/proyecto-profesional-videojuego-3d/4.27/MyProject/Content/Mannequin/Character/Materials/M_UE4Man_ChestLogo.uasset" 608
"C:/Users/NTR/OneDrive/Escritorio/TP Labo/juego/proyecto-profesional-videojuego-3d/4.27/MyProject/Content/Mannequin/Character/Materials/M_UE4Man_ChestLogo.uexp" 609
"C:/Users/NTR/OneDrive/Escritorio/TP Labo/juego/proyecto-profesional-videojuego-3d/4.27/MyProject/Content/Mannequin/Character/Mesh/UE4_Mannequin_Skeleton.uasset" 610
"C:/Users/NTR/OneDrive/Escritorio/TP Labo/juego/proyecto-profesional-videojuego-3d/4.27/MyProject/Content/Mannequin/Character/Mesh/UE4_Mannequin_Skeleton.uexp" 611
"C:/Users/NTR/OneDrive/Escritorio/TP Labo/juego/proyecto-profesional-videojuego-3d/4.27/MyProject/Content/Mannequin/Character/Mesh/SK_Mannequin.uasset" 612
"C:/Users/NTR/OneDrive/Escritorio/TP Labo/juego/proyecto-profesional-videojuego-3d/4.27/MyProject/Content/Mannequin/Character/Mesh/SK_Mannequin.uexp" 613
"C:/Users/NTR/OneDrive/Escritorio/TP Labo/juego/proyecto-profesional-videojuego-3d/4.27/MyProject/Content/Mannequin/Character/Materials/M_Mancha.uasset" 614
"C:/Users/NTR/OneDrive/Escritorio/TP Labo/juego/proyecto-profesional-videojuego-3d/4.27/MyProject/Content/Mannequin/Character/Materials/M_Mancha.uexp" 615
"C:/Users/NTR/OneDrive/Escritorio/TP Labo/juego/proyecto-profesional-videojuego-3d/4.27/MyProject/Content/Mannequin/Character/Materials/M_Evasor.uasset" 616
"C:/Users/NTR/OneDrive/Escritorio/TP Labo/juego/proyecto-profesional-videojuego-3d/4.27/MyProject/Content/Mannequin/Character/Materials/M_Evasor.uexp" 617
"C:/Users/NTR/OneDrive/Escritorio/TP Labo/juego/proyecto-profesional-videojuego-3d/4.27/MyProject/Content/Mannequin/Animations/ThirdPersonWalk.uasset" 618
"C:/Users/NTR/OneDrive/Escritorio/TP Labo/juego/proyecto-profesional-videojuego-3d/4.27/MyProject/Content/Mannequin/Animations/ThirdPersonWalk.uexp" 619
"C:/Users/NTR/OneDrive/Escritorio/TP Labo/juego/proyecto-profesional-videojuego-3d/4.27/MyProject/Content/Mannequin/Animations/ThirdPersonRun.uasset" 620
"C:/Users/NTR/OneDrive/Escritorio/TP Labo/juego/proyecto-profesional-videojuego-3d/4.27/MyProject/Content/Mannequin/Animations/ThirdPersonRun.uexp" 621
"C:/Users/NTR/OneDrive/Escritorio/TP Labo/juego/proyecto-profesional-videojuego-3d/4.27/MyProject/Content/Mannequin/Animations/ThirdPersonIdle.uasset" 622
"C:/Users/NTR/OneDrive/Escritorio/TP Labo/juego/proyecto-profesional-videojuego-3d/4.27/MyProject/Content/Mannequin/Animations/ThirdPersonIdle.uexp" 623
"C:/Users/NTR/OneDrive/Escritorio/TP Labo/juego/proyecto-profesional-videojuego-3d/4.27/MyProject/Content/Mannequin/Animations/ThirdPerson_IdleRun_2D.uasset" 624
"C:/Users/NTR/OneDrive/Escritorio/TP Labo/juego/proyecto-profesional-videojuego-3d/4.27/MyProject/Content/Mannequin/Animations/ThirdPerson_IdleRun_2D.uexp" 625
"C:/Users/NTR/OneDrive/Escritorio/TP Labo/juego/proyecto-profesional-videojuego-3d/4.27/MyProject/Content/Mannequin/Animations/ThirdPerson_Jump.uasset" 626
"C:/Users/NTR/OneDrive/Escritorio/TP Labo/juego/proyecto-profesional-videojuego-3d/4.27/MyProject/Content/Mannequin/Animations/ThirdPerson_Jump.uexp" 627
"C:/Users/NTR/OneDrive/Escritorio/TP Labo/juego/proyecto-profesional-videojuego-3d/4.27/MyProject/Content/Mannequin/Animations/ThirdPersonJump_Start.uasset" 628
"C:/Users/NTR/OneDrive/Escritorio/TP Labo/juego/proyecto-profesional-videojuego-3d/4.27/MyProject/Content/Mannequin/Animations/ThirdPersonJump_Start.uexp" 629
"C:/Users/NTR/OneDrive/Escritorio/TP Labo/juego/proyecto-profesional-videojuego-3d/4.27/MyProject/Content/Mannequin/Animations/ThirdPersonJump_Loop.uasset" 630
"C:/Users/NTR/OneDrive/Escritorio/TP Labo/juego/proyecto-profesional-videojuego-3d/4.27/MyProject/Content/Mannequin/Animations/ThirdPersonJump_Loop.uexp" 631
"C:/Users/NTR/OneDrive/Escritorio/TP Labo/juego/proyecto-profesional-videojuego-3d/4.27/MyProject/Content/Mannequin/Animations/ThirdPerson_AnimBP.uasset" 632
"C:/Users/NTR/OneDrive/Escritorio/TP Labo/juego/proyecto-profesional-videojuego-3d/4.27/MyProject/Content/Mannequin/Animations/ThirdPerson_AnimBP.uexp" 633
"C:/Users/NTR/OneDrive/Escritorio/TP Labo/juego/proyecto-profesional-videojuego-3d/4.27/MyProject/Content/StarterContent/Blueprints/Personaje.uasset" 634
"C:/Users/NTR/OneDrive/Escritorio/TP Labo/juego/proyecto-profesional-videojuego-3d/4.27/MyProject/Content/StarterContent/Blueprints/Personaje.uexp" 635
"C:/Users/NTR/OneDrive/Escritorio/TP Labo/juego/proyecto-profesional-videojuego-3d/4.27/MyProject/Content/StarterContent/Blueprints/WBP_Controles.uasset" 636
"C:/Users/NTR/OneDrive/Escritorio/TP Labo/juego/proyecto-profesional-videojuego-3d/4.27/MyProject/Content/StarterContent/Blueprints/WBP_Controles.uexp" 637
"C:/Users/NTR/OneDrive/Escritorio/TP Labo/juego/proyecto-profesional-videojuego-3d/4.27/MyProject/Content/StarterContent/Blueprints/WBP_Graficos.uasset" 638
"C:/Users/NTR/OneDrive/Escritorio/TP Labo/juego/proyecto-profesional-videojuego-3d/4.27/MyProject/Content/StarterContent/Blueprints/WBP_Graficos.uexp" 639
"C:/Users/NTR/OneDrive/Escritorio/TP Labo/juego/proyecto-profesional-videojuego-3d/4.27/MyProject/Content/StarterContent/Blueprints/WBP_Menu_Opciones.uasset" 640
"C:/Users/NTR/OneDrive/Escritorio/TP Labo/juego/proyecto-profesional-videojuego-3d/4.27/MyProject/Content/StarterContent/Blueprints/WBP_Menu_Opciones.uexp" 641
"C:/Users/NTR/OneDrive/Escritorio/TP Labo/juego/proyecto-profesional-videojuego-3d/4.27/MyProject/Content/StarterContent/Blueprints/WBP_Creditos.uasset" 642
"C:/Users/NTR/OneDrive/Escritorio/TP Labo/juego/proyecto-profesional-videojuego-3d/4.27/MyProject/Content/StarterContent/Blueprints/WBP_Creditos.uexp" 643
"C:/Users/NTR/OneDrive/Escritorio/TP Labo/juego/proyecto-profesional-videojuego-3d/4.27/MyProject/Content/StarterContent/Blueprints/WBP_Menu.uasset" 644
"C:/Users/NTR/OneDrive/Escritorio/TP Labo/juego/proyecto-profesional-videojuego-3d/4.27/MyProject/Content/StarterContent/Blueprints/WBP_Menu.uexp" 645
"C:/Users/NTR/OneDrive/Escritorio/TP Labo/juego/proyecto-profesional-videojuego-3d/4.27/MyProject/Content/StarterContent/Materials/M_Bloque.uasset" 646
"C:/Users/NTR/OneDrive/Escritorio/TP Labo/juego/proyecto-profesional-videojuego-3d/4.27/MyProject/Content/StarterContent/Materials/M_Bloque.uexp" 647
"C:/Users/NTR/OneDrive/Escritorio/TP Labo/juego/proyecto-profesional-videojuego-3d/4.27/MyProject/Content/Mannequin/Character/Mesh/SK_Mannequin_Female_PhysicsAsset.uasset" 648
"C:/Users/NTR/OneDrive/Escritorio/TP Labo/juego/proyecto-profesional-videojuego-3d/4.27/MyProject/Content/Mannequin/Character/Mesh/SK_Mannequin_Female_PhysicsAsset.uexp" 649
"C:/Users/NTR/OneDrive/Escritorio/TP Labo/juego/proyecto-profesional-videojuego-3d/4.27/MyProject/Content/Mannequin/Character/Textures/T_Female_N.uasset" 650
"C:/Users/NTR/OneDrive/Escritorio/TP Labo/juego/proyecto-profesional-videojuego-3d/4.27/MyProject/Content/Mannequin/Character/Textures/T_Female_N.uexp" 651
"C:/Users/NTR/OneDrive/Escritorio/TP Labo/juego/proyecto-profesional-videojuego-3d/4.27/MyProject/Content/Mannequin/Character/Textures/T_Female_N.ubulk" 652
"C:/Users/NTR/OneDrive/Escritorio/TP Labo/juego/proyecto-profesional-videojuego-3d/4.27/MyProject/Content/Mannequin/Character/Textures/T_Female_Mask.uasset" 653
"C:/Users/NTR/OneDrive/Escritorio/TP Labo/juego/proyecto-profesional-videojuego-3d/4.27/MyProject/Content/Mannequin/Character/Textures/T_Female_Mask.uexp" 654
"C:/Users/NTR/OneDrive/Escritorio/TP Labo/juego/proyecto-profesional-videojuego-3d/4.27/MyProject/Content/Mannequin/Character/Textures/T_Female_Mask.ubulk" 655
"C:/Users/NTR/OneDrive/Escritorio/TP Labo/juego/proyecto-profesional-videojuego-3d/4.27/MyProject/Content/Mannequin/Character/Materials/MI_Female_Body.uasset" 656
"C:/Users/NTR/OneDrive/Escritorio/TP Labo/juego/proyecto-profesional-videojuego-3d/4.27/MyProject/Content/Mannequin/Character/Materials/MI_Female_Body.uexp" 657
"C:/Users/NTR/OneDrive/Escritorio/TP Labo/juego/proyecto-profesional-videojuego-3d/4.27/MyProject/Content/Mannequin/Character/Mesh/SK_Mannequin_Female.uasset" 658
"C:/Users/NTR/OneDrive/Escritorio/TP Labo/juego/proyecto-profesional-videojuego-3d/4.27/MyProject/Content/Mannequin/Character/Mesh/SK_Mannequin_Female.uexp" 659
"C:/Users/NTR/OneDrive/Escritorio/TP Labo/juego/proyecto-profesional-videojuego-3d/4.27/MyProject/Content/Mannequin/Character/Materials/F_Evasor.uasset" 660
"C:/Users/NTR/OneDrive/Escritorio/TP Labo/juego/proyecto-profesional-videojuego-3d/4.27/MyProject/Content/Mannequin/Character/Materials/F_Evasor.uexp" 661
"C:/Users/NTR/OneDrive/Escritorio/TP Labo/juego/proyecto-profesional-videojuego-3d/4.27/MyProject/Content/Geometry/Meshes/CubeMaterial.uasset" 662
"C:/Users/NTR/OneDrive/Escritorio/TP Labo/juego/proyecto-profesional-videojuego-3d/4.27/MyProject/Content/Geometry/Meshes/CubeMaterial.uexp" 663
"C:/Users/NTR/OneDrive/Escritorio/TP Labo/juego/proyecto-profesional-videojuego-3d/4.27/MyProject/Content/Geometry/Meshes/1M_Cube.uasset" 664
"C:/Users/NTR/OneDrive/Escritorio/TP Labo/juego/proyecto-profesional-videojuego-3d/4.27/MyProject/Content/Geometry/Meshes/1M_Cube.uexp" 665
"C:/Users/NTR/OneDrive/Escritorio/TP Labo/juego/proyecto-profesional-videojuego-3d/4.27/MyProject/Content/StarterContent/Maps/MainMenu.uexp" 666
"C:/Users/NTR/OneDrive/Escritorio/TP Labo/juego/proyecto-profesional-videojuego-3d/4.27/MyProject/Content/StarterContent/Maps/MainMenu.umap" 667
"../../../Engine/Content/MobileResources/HUD/DefaultVirtualJoysticks.uasset" 668
"../../../Engine/Content/MobileResources/HUD/DefaultVirtualJoysticks.uexp" 669
"../../../Engine/Content/BasicShapes/Plane.uasset" 670
"../../../Engine/Content/BasicShapes/Plane.uexp" 671
"../../../Engine/Content/BasicShapes/Cube.uasset" 672
"../../../Engine/Content/BasicShapes/Cube.uexp" 673
"C:/Users/NTR/OneDrive/Escritorio/TP Labo/juego/proyecto-profesional-videojuego-3d/4.27/MyProject/Content/StarterContent/Materials/ColorPuro_2.uasset" 674
"C:/Users/NTR/OneDrive/Escritorio/TP Labo/juego/proyecto-profesional-videojuego-3d/4.27/MyProject/Content/StarterContent/Materials/ColorPuro_2.uexp" 675
"C:/Users/NTR/OneDrive/Escritorio/TP Labo/juego/proyecto-profesional-videojuego-3d/4.27/MyProject/Content/StarterContent/Materials/ColorPuro.uasset" 676
"C:/Users/NTR/OneDrive/Escritorio/TP Labo/juego/proyecto-profesional-videojuego-3d/4.27/MyProject/Content/StarterContent/Materials/ColorPuro.uexp" 677
"C:/Users/NTR/OneDrive/Escritorio/TP Labo/juego/proyecto-profesional-videojuego-3d/4.27/MyProject/Content/StarterContent/Maps/Multijugador_BuiltData.uasset" 678
"C:/Users/NTR/OneDrive/Escritorio/TP Labo/juego/proyecto-profesional-videojuego-3d/4.27/MyProject/Content/StarterContent/Maps/Multijugador_BuiltData.uexp" 679
"C:/Users/NTR/OneDrive/Escritorio/TP Labo/juego/proyecto-profesional-videojuego-3d/4.27/MyProject/Content/StarterContent/Maps/Multijugador_BuiltData.ubulk" 680
"C:/Users/NTR/OneDrive/Escritorio/TP Labo/juego/proyecto-profesional-videojuego-3d/4.27/MyProject/Content/StarterContent/Blueprints/WBP_Marcador3D.uasset" 681
"C:/Users/NTR/OneDrive/Escritorio/TP Labo/juego/proyecto-profesional-videojuego-3d/4.27/MyProject/Content/StarterContent/Blueprints/WBP_Marcador3D.uexp" 682
"C:/Users/NTR/OneDrive/Escritorio/TP Labo/juego/proyecto-profesional-videojuego-3d/4.27/MyProject/Content/StarterContent/Blueprints/BP_Pantalla.uasset" 683
"C:/Users/NTR/OneDrive/Escritorio/TP Labo/juego/proyecto-profesional-videojuego-3d/4.27/MyProject/Content/StarterContent/Blueprints/BP_Pantalla.uexp" 684
"C:/Users/NTR/OneDrive/Escritorio/TP Labo/juego/proyecto-profesional-videojuego-3d/4.27/MyProject/Content/StarterContent/Blueprints/BP_MultiplayerGameMode.uasset" 685
"C:/Users/NTR/OneDrive/Escritorio/TP Labo/juego/proyecto-profesional-videojuego-3d/4.27/MyProject/Content/StarterContent/Blueprints/BP_MultiplayerGameMode.uexp" 686
"C:/Users/NTR/OneDrive/Escritorio/TP Labo/juego/proyecto-profesional-videojuego-3d/4.27/MyProject/Content/StarterContent/Blueprints/WBP_HUD_Juego.uasset" 687
"C:/Users/NTR/OneDrive/Escritorio/TP Labo/juego/proyecto-profesional-videojuego-3d/4.27/MyProject/Content/StarterContent/Blueprints/WBP_HUD_Juego.uexp" 688
"C:/Users/NTR/OneDrive/Escritorio/TP Labo/juego/proyecto-profesional-videojuego-3d/4.27/MyProject/Content/StarterContent/Blueprints/BP_ControladorMulti.uasset" 689
"C:/Users/NTR/OneDrive/Escritorio/TP Labo/juego/proyecto-profesional-videojuego-3d/4.27/MyProject/Content/StarterContent/Blueprints/BP_ControladorMulti.uexp" 690
"C:/Users/NTR/OneDrive/Escritorio/TP Labo/juego/proyecto-profesional-videojuego-3d/4.27/MyProject/Content/StarterContent/Blueprints/BP_GameModeMulti.uasset" 691
"C:/Users/NTR/OneDrive/Escritorio/TP Labo/juego/proyecto-profesional-videojuego-3d/4.27/MyProject/Content/StarterContent/Blueprints/BP_GameModeMulti.uexp" 692
"C:/Users/NTR/OneDrive/Escritorio/TP Labo/juego/proyecto-profesional-videojuego-3d/4.27/MyProject/Content/StarterContent/Blueprints/BP_Barredora.uasset" 693
"C:/Users/NTR/OneDrive/Escritorio/TP Labo/juego/proyecto-profesional-videojuego-3d/4.27/MyProject/Content/StarterContent/Blueprints/BP_Barredora.uexp" 694
"C:/Users/NTR/OneDrive/Escritorio/TP Labo/juego/proyecto-profesional-videojuego-3d/4.27/MyProject/Content/StarterContent/Materials/M_AssetPlatform.uasset" 695
"C:/Users/NTR/OneDrive/Escritorio/TP Labo/juego/proyecto-profesional-videojuego-3d/4.27/MyProject/Content/StarterContent/Materials/M_AssetPlatform.uexp" 696
"C:/Users/NTR/OneDrive/Escritorio/TP Labo/juego/proyecto-profesional-videojuego-3d/4.27/MyProject/Content/StarterContent/Architecture/SM_AssetPlatform.uasset" 697
"C:/Users/NTR/OneDrive/Escritorio/TP Labo/juego/proyecto-profesional-videojuego-3d/4.27/MyProject/Content/StarterContent/Architecture/SM_AssetPlatform.uexp" 698
"C:/Users/NTR/OneDrive/Escritorio/TP Labo/juego/proyecto-profesional-videojuego-3d/4.27/MyProject/Content/StarterContent/Materials/M_Basic_Wall.uasset" 699
"C:/Users/NTR/OneDrive/Escritorio/TP Labo/juego/proyecto-profesional-videojuego-3d/4.27/MyProject/Content/StarterContent/Materials/M_Basic_Wall.uexp" 700
"C:/Users/NTR/OneDrive/Escritorio/TP Labo/juego/proyecto-profesional-videojuego-3d/4.27/MyProject/Content/StarterContent/Shapes/Shape_Cylinder.uasset" 701
"C:/Users/NTR/OneDrive/Escritorio/TP Labo/juego/proyecto-profesional-videojuego-3d/4.27/MyProject/Content/StarterContent/Shapes/Shape_Cylinder.uexp" 702
"C:/Users/NTR/OneDrive/Escritorio/TP Labo/juego/proyecto-profesional-videojuego-3d/4.27/MyProject/Content/StarterContent/Props/MaterialSphere.uasset" 703
"C:/Users/NTR/OneDrive/Escritorio/TP Labo/juego/proyecto-profesional-videojuego-3d/4.27/MyProject/Content/StarterContent/Props/MaterialSphere.uexp" 704
"C:/Users/NTR/OneDrive/Escritorio/TP Labo/juego/proyecto-profesional-videojuego-3d/4.27/MyProject/Content/StarterContent/Blueprints/BP_Pendulo.uasset" 705
"C:/Users/NTR/OneDrive/Escritorio/TP Labo/juego/proyecto-profesional-videojuego-3d/4.27/MyProject/Content/StarterContent/Blueprints/BP_Pendulo.uexp" 706
"C:/Users/NTR/OneDrive/Escritorio/TP Labo/juego/proyecto-profesional-videojuego-3d/4.27/MyProject/Content/StarterContent/Maps/Multijugador.uexp" 707
"C:/Users/NTR/OneDrive/Escritorio/TP Labo/juego/proyecto-profesional-videojuego-3d/4.27/MyProject/Content/StarterContent/Maps/Multijugador.umap" 708
"C:/Users/NTR/OneDrive/Escritorio/TP Labo/juego/proyecto-profesional-videojuego-3d/4.27/MyProject/Content/StarterContent/Maps/Singleplayer_BuiltData.uasset" 709
"C:/Users/NTR/OneDrive/Escritorio/TP Labo/juego/proyecto-profesional-videojuego-3d/4.27/MyProject/Content/StarterContent/Maps/Singleplayer_BuiltData.uexp" 710
"C:/Users/NTR/OneDrive/Escritorio/TP Labo/juego/proyecto-profesional-videojuego-3d/4.27/MyProject/Content/StarterContent/Blueprints/WBP_HUD_Crono.uasset" 711
"C:/Users/NTR/OneDrive/Escritorio/TP Labo/juego/proyecto-profesional-videojuego-3d/4.27/MyProject/Content/StarterContent/Blueprints/WBP_HUD_Crono.uexp" 712
"C:/Users/NTR/OneDrive/Escritorio/TP Labo/juego/proyecto-profesional-videojuego-3d/4.27/MyProject/Content/StarterContent/Blueprints/WBP_Completado.uasset" 713
"C:/Users/NTR/OneDrive/Escritorio/TP Labo/juego/proyecto-profesional-videojuego-3d/4.27/MyProject/Content/StarterContent/Blueprints/WBP_Completado.uexp" 714
"C:/Users/NTR/OneDrive/Escritorio/TP Labo/juego/proyecto-profesional-videojuego-3d/4.27/MyProject/Content/StarterContent/Blueprints/NPC.uasset" 715
"C:/Users/NTR/OneDrive/Escritorio/TP Labo/juego/proyecto-profesional-videojuego-3d/4.27/MyProject/Content/StarterContent/Blueprints/NPC.uexp" 716
"C:/Users/NTR/OneDrive/Escritorio/TP Labo/juego/proyecto-profesional-videojuego-3d/4.27/MyProject/Content/StarterContent/Blueprints/Caida.uasset" 717
"C:/Users/NTR/OneDrive/Escritorio/TP Labo/juego/proyecto-profesional-videojuego-3d/4.27/MyProject/Content/StarterContent/Blueprints/Caida.uexp" 718
"C:/Users/NTR/OneDrive/Escritorio/TP Labo/juego/proyecto-profesional-videojuego-3d/4.27/MyProject/Content/RT_PortalPlaceholder.uasset" 719
"C:/Users/NTR/OneDrive/Escritorio/TP Labo/juego/proyecto-profesional-videojuego-3d/4.27/MyProject/Content/RT_PortalPlaceholder.uexp" 720
"C:/Users/NTR/OneDrive/Escritorio/TP Labo/juego/proyecto-profesional-videojuego-3d/4.27/MyProject/Content/StarterContent/Materials/M_Portal.uasset" 721
"C:/Users/NTR/OneDrive/Escritorio/TP Labo/juego/proyecto-profesional-videojuego-3d/4.27/MyProject/Content/StarterContent/Materials/M_Portal.uexp" 722
"C:/Users/NTR/OneDrive/Escritorio/TP Labo/juego/proyecto-profesional-videojuego-3d/4.27/MyProject/Content/StarterContent/Shapes/Shape_Plane.uasset" 723
"C:/Users/NTR/OneDrive/Escritorio/TP Labo/juego/proyecto-profesional-videojuego-3d/4.27/MyProject/Content/StarterContent/Shapes/Shape_Plane.uexp" 724
"C:/Users/NTR/OneDrive/Escritorio/TP Labo/juego/proyecto-profesional-videojuego-3d/4.27/MyProject/Content/StarterContent/Blueprints/BP_Portal.uasset" 725
"C:/Users/NTR/OneDrive/Escritorio/TP Labo/juego/proyecto-profesional-videojuego-3d/4.27/MyProject/Content/StarterContent/Blueprints/BP_Portal.uexp" 726
"C:/Users/NTR/OneDrive/Escritorio/TP Labo/juego/proyecto-profesional-videojuego-3d/4.27/MyProject/Content/StarterContent/Shapes/Shape_Cube.uasset" 727
"C:/Users/NTR/OneDrive/Escritorio/TP Labo/juego/proyecto-profesional-videojuego-3d/4.27/MyProject/Content/StarterContent/Shapes/Shape_Cube.uexp" 728
"C:/Users/NTR/OneDrive/Escritorio/TP Labo/juego/proyecto-profesional-videojuego-3d/4.27/MyProject/Content/StarterContent/Blueprints/BP_PlataformaMovil_2.uasset" 729
"C:/Users/NTR/OneDrive/Escritorio/TP Labo/juego/proyecto-profesional-videojuego-3d/4.27/MyProject/Content/StarterContent/Blueprints/BP_PlataformaMovil_2.uexp" 730
"C:/Users/NTR/OneDrive/Escritorio/TP Labo/juego/proyecto-profesional-videojuego-3d/4.27/MyProject/Content/StarterContent/Maps/Singleplayer.uexp" 731
"C:/Users/NTR/OneDrive/Escritorio/TP Labo/juego/proyecto-profesional-videojuego-3d/4.27/MyProject/Content/StarterContent/Maps/Singleplayer.umap" 732
"C:/Users/NTR/OneDrive/Escritorio/TP Labo/juego/proyecto-profesional-videojuego-3d/4.27/MyProject/Content/ThirdPerson/Meshes/RampMaterial.uasset" 733
"C:/Users/NTR/OneDrive/Escritorio/TP Labo/juego/proyecto-profesional-videojuego-3d/4.27/MyProject/Content/ThirdPerson/Meshes/RampMaterial.uexp" 734
"C:/Users/NTR/OneDrive/Escritorio/TP Labo/juego/proyecto-profesional-videojuego-3d/4.27/MyProject/Content/ThirdPerson/Meshes/RightArm_StaticMesh.uasset" 735
"C:/Users/NTR/OneDrive/Escritorio/TP Labo/juego/proyecto-profesional-videojuego-3d/4.27/MyProject/Content/ThirdPerson/Meshes/RightArm_StaticMesh.uexp" 736
"C:/Users/NTR/OneDrive/Escritorio/TP Labo/juego/proyecto-profesional-videojuego-3d/4.27/MyProject/Content/ThirdPerson/Meshes/Ramp_StaticMesh.uasset" 737
"C:/Users/NTR/OneDrive/Escritorio/TP Labo/juego/proyecto-profesional-videojuego-3d/4.27/MyProject/Content/ThirdPerson/Meshes/Ramp_StaticMesh.uexp" 738
"C:/Users/NTR/OneDrive/Escritorio/TP Labo/juego/proyecto-profesional-videojuego-3d/4.27/MyProject/Content/ThirdPerson/Meshes/Linear_Stair_StaticMesh.uasset" 739
"C:/Users/NTR/OneDrive/Escritorio/TP Labo/juego/proyecto-profesional-videojuego-3d/4.27/MyProject/Content/ThirdPerson/Meshes/Linear_Stair_StaticMesh.uexp" 740
"C:/Users/NTR/OneDrive/Escritorio/TP Labo/juego/proyecto-profesional-videojuego-3d/4.27/MyProject/Content/ThirdPerson/Meshes/LeftArm_StaticMesh.uasset" 741
"C:/Users/NTR/OneDrive/Escritorio/TP Labo/juego/proyecto-profesional-videojuego-3d/4.27/MyProject/Content/ThirdPerson/Meshes/LeftArm_StaticMesh.uexp" 742
"C:/Users/NTR/OneDrive/Escritorio/TP Labo/juego/proyecto-profesional-videojuego-3d/4.27/MyProject/Content/ThirdPerson/Meshes/Bump_StaticMesh.uasset" 743
"C:/Users/NTR/OneDrive/Escritorio/TP Labo/juego/proyecto-profesional-videojuego-3d/4.27/MyProject/Content/ThirdPerson/Meshes/Bump_StaticMesh.uexp" 744
"C:/Users/NTR/OneDrive/Escritorio/TP Labo/juego/proyecto-profesional-videojuego-3d/4.27/MyProject/Content/StarterContent/ThirdPersonBP/Maps/ThirdPersonExampleMap_BuiltData.uasset" 745
"C:/Users/NTR/OneDrive/Escritorio/TP Labo/juego/proyecto-profesional-videojuego-3d/4.27/MyProject/Content/StarterContent/ThirdPersonBP/Maps/ThirdPersonExampleMap_BuiltData.uexp" 746
"C:/Users/NTR/OneDrive/Escritorio/TP Labo/juego/proyecto-profesional-videojuego-3d/4.27/MyProject/Content/StarterContent/ThirdPersonBP/Maps/ThirdPersonExampleMap_BuiltData.ubulk" 747
"C:/Users/NTR/OneDrive/Escritorio/TP Labo/juego/proyecto-profesional-videojuego-3d/4.27/MyProject/Content/StarterContent/ThirdPersonBP/Blueprints/ThirdPersonCharacter.uasset" 748
"C:/Users/NTR/OneDrive/Escritorio/TP Labo/juego/proyecto-profesional-videojuego-3d/4.27/MyProject/Content/StarterContent/ThirdPersonBP/Blueprints/ThirdPersonCharacter.uexp" 749
"C:/Users/NTR/OneDrive/Escritorio/TP Labo/juego/proyecto-profesional-videojuego-3d/4.27/MyProject/Content/Geometry/Meshes/TemplateFloor.uasset" 750
"C:/Users/NTR/OneDrive/Escritorio/TP Labo/juego/proyecto-profesional-videojuego-3d/4.27/MyProject/Content/Geometry/Meshes/TemplateFloor.uexp" 751
"C:/Users/NTR/OneDrive/Escritorio/TP Labo/juego/proyecto-profesional-videojuego-3d/4.27/MyProject/Content/Geometry/Meshes/1M_Cube_Chamfer.uasset" 752
"C:/Users/NTR/OneDrive/Escritorio/TP Labo/juego/proyecto-profesional-videojuego-3d/4.27/MyProject/Content/Geometry/Meshes/1M_Cube_Chamfer.uexp" 753
"C:/Users/NTR/OneDrive/Escritorio/TP Labo/juego/proyecto-profesional-videojuego-3d/4.27/MyProject/Content/StarterContent/ThirdPersonBP/Maps/ThirdPersonExampleMap.uexp" 754
"C:/Users/NTR/OneDrive/Escritorio/TP Labo/juego/proyecto-profesional-videojuego-3d/4.27/MyProject/Content/StarterContent/ThirdPersonBP/Maps/ThirdPersonExampleMap.umap" 755
